\BOOKMARK [1][-]{section.1}{\376\377\000R\000a\000p\000p\000e\000l\000s\000\040\000d\000e\000\040\000r\000\351\000g\000r\000e\000s\000s\000i\000o\000n\000\040\000l\000i\000n\000\351\000a\000i\000r\000e}{}% 1
\BOOKMARK [2][-]{subsection.1.1}{\376\377\000L\000e\000\040\000m\000o\000d\000\350\000l\000e\000\040\000l\000i\000n\000\351\000a\000i\000r\000e}{section.1}% 2
\BOOKMARK [2][-]{subsection.1.2}{\376\377\000E\000s\000t\000i\000m\000a\000t\000i\000o\000n\000\040\000p\000a\000r\000\040\000m\000o\000i\000n\000d\000r\000e\000s\000\040\000c\000a\000r\000r\000\351\000s}{section.1}% 3
\BOOKMARK [2][-]{subsection.1.3}{\376\377\000I\000n\000f\000\351\000r\000e\000n\000c\000e\000\040\000s\000t\000a\000t\000i\000s\000t\000i\000q\000u\000e}{section.1}% 4
\BOOKMARK [3][-]{subsubsection.1.3.1}{\376\377\000I\000n\000t\000e\000r\000v\000a\000l\000l\000e\000s\000\040\000d\000e\000\040\000c\000o\000n\000f\000i\000a\000n\000c\000e\000\040\000e\000t\000\040\000t\000e\000s\000t\000s\000\040\000s\000u\000r\000\040\000l\000e\000s\000\040\000c\000o\000e\000f\000f\000i\000c\000i\000e\000n\000t\000s}{subsection.1.3}% 5
\BOOKMARK [3][-]{subsubsection.1.3.2}{\376\377\000T\000e\000s\000t\000\040\000F\000\040\000e\000t\000\040\000c\000o\000m\000p\000a\000r\000a\000i\000s\000o\000n\000\040\000d\000e\000\040\000m\000o\000d\000\350\000l\000e\000s\000\040\000e\000m\000b\000o\000\356\000t\000\351\000s}{subsection.1.3}% 6
\BOOKMARK [3][-]{subsubsection.1.3.3}{\376\377\000C\000o\000e\000f\000f\000i\000c\000i\000e\000n\000t\000\040\000d\000e\000\040\000d\000\351\000t\000e\000r\000m\000i\000n\000a\000t\000i\000o\000n}{subsection.1.3}% 7
\BOOKMARK [2][-]{subsection.1.4}{\376\377\000P\000r\000\351\000d\000i\000c\000t\000i\000o\000n}{section.1}% 8
\BOOKMARK [2][-]{subsection.1.5}{\376\377\000D\000i\000a\000g\000n\000o\000s\000t\000i\000c\000s\000\040\000d\000u\000\040\000m\000o\000d\000\350\000l\000e}{section.1}% 9
\BOOKMARK [3][-]{subsubsection.1.5.1}{\376\377\000R\000\351\000s\000i\000d\000u\000s}{subsection.1.5}% 10
\BOOKMARK [3][-]{subsubsection.1.5.2}{\376\377\000O\000b\000s\000e\000r\000v\000a\000t\000i\000o\000n\000s\000\040\000a\000b\000e\000r\000r\000a\000n\000t\000e\000s\000\040\000e\000t\000\040\000i\000n\000f\000l\000u\000e\000n\000t\000e\000s}{subsection.1.5}% 11
\BOOKMARK [2][-]{subsection.1.6}{\376\377\000S\000\351\000l\000e\000c\000t\000i\000o\000n\000\040\000d\000e\000\040\000v\000a\000r\000i\000a\000b\000l\000e\000s\000\040\000:\000\040\000A\000I\000C\000\040\000e\000t\000\040\000B\000I\000C}{section.1}% 12
\BOOKMARK [2][-]{subsection.1.7}{\376\377\000L\000i\000m\000i\000t\000e\000s\000\040\000d\000u\000\040\000m\000o\000d\000\350\000l\000e\000\040\000l\000i\000n\000\351\000a\000i\000r\000e}{section.1}% 13
\BOOKMARK [1][-]{section.2}{\376\377\000M\000o\000d\000\350\000l\000e\000s\000\040\000d\000e\000\040\000r\000\351\000g\000r\000e\000s\000s\000i\000o\000n\000\040\000p\000o\000u\000r\000\040\000d\000o\000n\000n\000\351\000e\000s\000\040\000b\000i\000n\000a\000i\000r\000e\000s}{}% 14
\BOOKMARK [2][-]{subsection.2.1}{\376\377\000D\000o\000n\000n\000\351\000e\000s\000\040\000e\000t\000\040\000m\000o\000d\000\350\000l\000e}{section.2}% 15
\BOOKMARK [3][-]{subsubsection.2.1.1}{\376\377\000D\000o\000n\000n\000\351\000e\000s\000\040\000i\000n\000d\000i\000v\000i\000d\000u\000e\000l\000l\000e\000s\000\040\000\050\000B\000e\000r\000n\000o\000u\000l\000l\000i\000\051}{subsection.2.1}% 16
\BOOKMARK [3][-]{subsubsection.2.1.2}{\376\377\000D\000o\000n\000n\000\351\000e\000s\000\040\000g\000r\000o\000u\000p\000\351\000e\000s\000\040\000\050\000b\000i\000n\000o\000m\000i\000a\000l\000e\000\051}{subsection.2.1}% 17
\BOOKMARK [3][-]{subsubsection.2.1.3}{\376\377\000F\000o\000n\000c\000t\000i\000o\000n\000s\000\040\000d\000e\000\040\000l\000i\000e\000n}{subsection.2.1}% 18
\BOOKMARK [2][-]{subsection.2.2}{\376\377\000I\000n\000f\000\351\000r\000e\000n\000c\000e\000\040\000s\000t\000a\000t\000i\000s\000t\000i\000q\000u\000e}{section.2}% 19
\BOOKMARK [3][-]{subsubsection.2.2.1}{\376\377\000E\000s\000t\000i\000m\000a\000t\000i\000o\000n\000\040\000d\000e\000s\000\040\000p\000a\000r\000a\000m\000\350\000t\000r\000e\000s\000\040}{subsection.2.2}% 20
\BOOKMARK [3][-]{subsubsection.2.2.2}{\376\377\000T\000e\000s\000t\000s\000\040\000d\000'\000h\000y\000p\000o\000t\000h\000\350\000s\000e\000s\000\040\000e\000t\000\040\000i\000n\000t\000e\000r\000v\000a\000l\000l\000e\000s\000\040\000d\000e\000\040\000c\000o\000n\000f\000i\000a\000n\000c\000e}{subsection.2.2}% 21
\BOOKMARK [3][-]{subsubsection.2.2.3}{\376\377\000I\000n\000t\000e\000r\000v\000a\000l\000l\000e\000\040\000d\000e\000\040\000c\000o\000n\000f\000i\000a\000n\000c\000e\000\040\000p\000o\000u\000r\000\040\000u\000n\000e\000\040\000p\000r\000o\000b\000a\000b\000i\000l\000i\000t\000\351\000\040\000p\000r\000\351\000d\000i\000t\000e}{subsection.2.2}% 22
\BOOKMARK [2][-]{subsection.2.3}{\376\377\000S\000\351\000l\000e\000c\000t\000i\000o\000n\000\040\000d\000e\000\040\000m\000o\000d\000\350\000l\000e\000s}{section.2}% 23
\BOOKMARK [3][-]{subsubsection.2.3.1}{\376\377\000D\000\351\000v\000i\000a\000n\000c\000e}{subsection.2.3}% 24
\BOOKMARK [3][-]{subsubsection.2.3.2}{\376\377\000C\000o\000m\000p\000a\000r\000a\000i\000s\000o\000n\000\040\000d\000e\000\040\000m\000o\000d\000\350\000l\000e\000s\000\040\000e\000m\000b\000o\000\356\000t\000\351\000s}{subsection.2.3}% 25
\BOOKMARK [3][-]{subsubsection.2.3.3}{\376\377\000C\000o\000m\000p\000a\000r\000a\000i\000s\000o\000n\000\040\000d\000e\000\040\000m\000o\000d\000\350\000l\000e\000s\000\040\000n\000o\000n\000\040\000e\000m\000b\000o\000\356\000t\000\351\000s\000\040\000:\000\040\000A\000I\000C\000\040\000e\000t\000\040\000B\000I\000C}{subsection.2.3}% 26
\BOOKMARK [3][-]{subsubsection.2.3.4}{\376\377\000S\000\351\000l\000e\000c\000t\000i\000o\000n\000\040\000a\000u\000t\000o\000m\000a\000t\000i\000q\000u\000e}{subsection.2.3}% 27
\BOOKMARK [2][-]{subsection.2.4}{\376\377\000V\000a\000l\000i\000d\000a\000t\000i\000o\000n\000\040\000e\000t\000\040\000d\000i\000a\000g\000n\000o\000s\000t\000i\000c\000\040\000d\000e\000\040\000m\000o\000d\000\350\000l\000e\000s}{section.2}% 28
\BOOKMARK [3][-]{subsubsection.2.4.1}{\376\377\000R\000\351\000s\000i\000d\000u\000s}{subsection.2.4}% 29
\BOOKMARK [3][-]{subsubsection.2.4.2}{\376\377\000T\000e\000s\000t\000s\000\040\000d\000'\000a\000d\000\351\000q\000u\000a\000t\000i\000o\000n\000\040\000g\000l\000o\000b\000a\000l\000e}{subsection.2.4}% 30
\BOOKMARK [3][-]{subsubsection.2.4.3}{\376\377\000G\000r\000a\000p\000h\000i\000q\000u\000e\000s\000\040\000e\000t\000\040\000e\000x\000t\000r\000a\000-\000v\000a\000r\000i\000a\000b\000i\000l\000i\000t\000\351}{subsection.2.4}% 31
\BOOKMARK [3][-]{subsubsection.2.4.4}{\376\377\000O\000b\000s\000e\000r\000v\000a\000t\000i\000o\000n\000s\000\040\000a\000b\000e\000r\000r\000a\000n\000t\000e\000s\000\040\000e\000t\000\040\000v\000a\000l\000e\000u\000r\000s\000\040\000i\000n\000f\000l\000u\000e\000n\000t\000e\000s}{subsection.2.4}% 32
\BOOKMARK [2][-]{subsection.2.5}{\376\377\000S\000p\000\351\000c\000i\000f\000i\000c\000i\000t\000\351\000,\000\040\000s\000e\000n\000s\000i\000b\000i\000l\000i\000t\000\351\000\040\000e\000t\000\040\000c\000o\000u\000r\000b\000e\000\040\000R\000O\000C}{section.2}% 33
\BOOKMARK [1][-]{section.3}{\376\377\000M\000o\000d\000\350\000l\000e\000s\000\040\000l\000i\000n\000\351\000a\000i\000r\000e\000s\000\040\000g\000\351\000n\000\351\000r\000a\000l\000i\000s\000\351\000s}{}% 34
\BOOKMARK [2][-]{subsection.3.1}{\376\377\000F\000a\000m\000i\000l\000l\000e\000\040\000e\000x\000p\000o\000n\000e\000n\000t\000i\000e\000l\000l\000e}{section.3}% 35
\BOOKMARK [3][-]{subsubsection.3.1.1}{\376\377\000D\000\351\000f\000i\000n\000i\000t\000i\000o\000n}{subsection.3.1}% 36
\BOOKMARK [3][-]{subsubsection.3.1.2}{\376\377\000E\000x\000e\000m\000p\000l\000e\000s}{subsection.3.1}% 37
\BOOKMARK [3][-]{subsubsection.3.1.3}{\376\377\000D\000\351\000v\000i\000a\000n\000c\000e}{subsection.3.1}% 38
\BOOKMARK [2][-]{subsection.3.2}{\376\377\000D\000\351\000f\000i\000n\000i\000t\000i\000o\000n\000\040\000d\000'\000u\000n\000\040\000M\000L\000G}{section.3}% 39
\BOOKMARK [2][-]{subsection.3.3}{\376\377\000E\000s\000t\000i\000m\000a\000t\000i\000o\000n\000\040\000d\000e\000s\000\040\000p\000a\000r\000a\000m\000\350\000t\000r\000e\000s}{section.3}% 40
\BOOKMARK [3][-]{subsubsection.3.3.1}{\376\377\000E\000s\000t\000i\000m\000a\000t\000i\000o\000n\000\040\000d\000e\000\040}{subsection.3.3}% 41
\BOOKMARK [2][-]{subsection.3.4}{\376\377\000I\000n\000f\000\351\000r\000e\000n\000c\000e\000\040\000s\000t\000a\000t\000i\000s\000t\000i\000q\000u\000e}{section.3}% 42
\BOOKMARK [3][-]{subsubsection.3.4.1}{\376\377\000C\000a\000s\000\040\000\040\000f\000i\000x\000\351}{subsection.3.4}% 43
\BOOKMARK [3][-]{subsubsection.3.4.2}{\376\377\000C\000a\000s\000\040\000\040\000i\000n\000c\000o\000n\000n\000u}{subsection.3.4}% 44
\BOOKMARK [2][-]{subsection.3.5}{\376\377\000S\000\351\000l\000e\000c\000t\000i\000o\000n\000\040\000e\000t\000\040\000v\000a\000l\000i\000d\000a\000t\000i\000o\000n\000\040\000d\000e\000\040\000m\000o\000d\000\350\000l\000e\000s}{section.3}% 45
\BOOKMARK [2][-]{subsection.3.6}{\376\377\000E\000x\000e\000m\000p\000l\000e\000\040\000d\000\351\000t\000a\000i\000l\000l\000\351\000\040\000:\000\040\000l\000a\000\040\000r\000\351\000g\000r\000e\000s\000s\000i\000o\000n\000\040\000P\000o\000i\000s\000s\000o\000n}{section.3}% 46
\BOOKMARK [3][-]{subsubsection.3.6.1}{\376\377\000V\000a\000r\000i\000a\000b\000l\000e\000s\000\040\000e\000x\000p\000l\000i\000c\000a\000t\000i\000v\000e\000s\000\040\000o\000f\000f\000s\000e\000t}{subsection.3.6}% 47
\BOOKMARK [3][-]{subsubsection.3.6.2}{\376\377\000V\000a\000r\000i\000a\000b\000i\000l\000i\000t\000\351\000\040\000e\000x\000t\000r\000a\000-\000P\000o\000i\000s\000s\000o\000n\000i\000e\000n\000n\000e}{subsection.3.6}% 48
\BOOKMARK [1][-]{section.4}{\376\377\000P\000r\000\351\000d\000i\000c\000t\000i\000o\000n\000,\000\040\000m\000e\000s\000u\000r\000e\000s\000\040\000d\000e\000\040\000p\000e\000r\000f\000o\000r\000m\000a\000n\000c\000e\000\040\000e\000t\000\040\000v\000a\000l\000i\000d\000a\000t\000i\000o\000n\000\040\000c\000r\000o\000i\000s\000\351\000e}{}% 49
\BOOKMARK [2][-]{subsection.4.1}{\376\377\000A\000d\000\351\000q\000u\000a\000t\000i\000o\000n\000\040\000v\000e\000r\000s\000u\000s\000\040\000p\000r\000\351\000c\000i\000s\000i\000o\000n\000\040\000d\000e\000\040\000p\000r\000\351\000d\000i\000c\000t\000i\000o\000n}{section.4}% 50
\BOOKMARK [2][-]{subsection.4.2}{\376\377\000V\000a\000l\000i\000d\000a\000t\000i\000o\000n\000\040\000c\000r\000o\000i\000s\000\351\000e}{section.4}% 51
\BOOKMARK [3][-]{subsubsection.4.2.1}{\376\377\000A\000p\000p\000r\000o\000c\000h\000e\000\040\000p\000a\000r\000\040\000e\000n\000s\000e\000m\000b\000l\000e\000\040\000d\000e\000\040\000v\000a\000l\000i\000d\000a\000t\000i\000o\000n}{subsection.4.2}% 52
\BOOKMARK [3][-]{subsubsection.4.2.2}{\376\377\000V\000a\000l\000i\000d\000a\000t\000i\000o\000n\000\040\000c\000r\000o\000i\000s\000\351\000e\000\040\000a\000v\000e\000c\000\040\000e\000x\000c\000l\000u\000s\000i\000o\000n\000\040\000d\000'\000u\000n\000e\000\040\000o\000b\000s\000e\000r\000v\000a\000t\000i\000o\000n\000\040\000\050\000L\000O\000O\000C\000V\000\051}{subsection.4.2}% 53
\BOOKMARK [3][-]{subsubsection.4.2.3}{\376\377\000V\000a\000l\000i\000d\000a\000t\000i\000o\000n\000\040\000c\000r\000o\000i\000s\000\351\000e\000\040\000\340\000\040\000K\000\040\000b\000l\000o\000c\000s}{subsection.4.2}% 54
\BOOKMARK [2][-]{subsection.4.3}{\376\377\000M\000e\000s\000u\000r\000e\000s\000\040\000d\000e\000\040\000p\000e\000r\000f\000o\000r\000m\000a\000n\000c\000e\000\040\000p\000o\000u\000r\000\040\000l\000a\000\040\000c\000l\000a\000s\000s\000i\000f\000i\000c\000a\000t\000i\000o\000n}{section.4}% 55
\BOOKMARK [1][-]{section.5}{\376\377\000S\000\351\000l\000e\000c\000t\000i\000o\000n\000\040\000d\000e\000\040\000v\000a\000r\000i\000a\000b\000l\000e\000s\000\040\000e\000t\000\040\000r\000\351\000g\000u\000l\000a\000r\000i\000s\000a\000t\000i\000o\000n}{}% 56
\BOOKMARK [2][-]{subsection.5.1}{\376\377\000S\000\351\000l\000e\000c\000t\000i\000o\000n\000\040\000d\000e\000\040\000v\000a\000r\000i\000a\000b\000l\000e\000s\000\040\000:\000\040\000r\000a\000p\000p\000e\000l}{section.5}% 57
\BOOKMARK [2][-]{subsection.5.2}{\376\377\000R\000\351\000g\000r\000e\000s\000s\000i\000o\000n\000\040\000r\000\351\000g\000u\000l\000a\000r\000i\000s\000\351\000e}{section.5}% 58
\BOOKMARK [3][-]{subsubsection.5.2.1}{\376\377\000R\000\351\000g\000r\000e\000s\000s\000i\000o\000n\000\040\000r\000i\000d\000g\000e}{subsection.5.2}% 59
\BOOKMARK [3][-]{subsubsection.5.2.2}{\376\377\000R\000\351\000g\000r\000e\000s\000s\000i\000o\000n\000\040\000l\000a\000s\000s\000o}{subsection.5.2}% 60
\BOOKMARK [3][-]{subsubsection.5.2.3}{\376\377\000S\000\351\000l\000e\000c\000t\000i\000o\000n\000\040\000d\000u\000\040\000p\000a\000r\000a\000m\000\350\000t\000r\000e\000\040}{subsection.5.2}% 61
\BOOKMARK [1][-]{section.6}{\376\377\000R\000\351\000g\000r\000e\000s\000s\000i\000o\000n\000\040\000n\000o\000n\000-\000p\000a\000r\000a\000m\000\351\000t\000r\000i\000q\000u\000e\000\040\000:\000\040\000k\000\040\000p\000l\000u\000s\000\040\000p\000r\000o\000c\000h\000e\000s\000\040\000v\000o\000i\000s\000i\000n\000s\000\040\000e\000t\000\040\000e\000s\000t\000i\000m\000a\000t\000e\000u\000r\000\040\000d\000e\000\040\000n\000o\000y\000a\000u}{}% 62
\BOOKMARK [2][-]{subsection.6.1}{\376\377\000E\000s\000t\000i\000m\000a\000t\000e\000u\000r\000\040\000d\000e\000s\000\040\000k\000\040\000p\000l\000u\000s\000\040\000p\000r\000o\000c\000h\000e\000s\000\040\000v\000o\000i\000s\000i\000n\000s}{section.6}% 63
\BOOKMARK [3][-]{subsubsection.6.1.1}{\376\377\000D\000\351\000f\000i\000n\000i\000t\000i\000o\000n}{subsection.6.1}% 64
\BOOKMARK [3][-]{subsubsection.6.1.2}{\376\377\000C\000o\000m\000p\000r\000o\000m\000i\000s\000\040\000b\000i\000a\000i\000s\000-\000v\000a\000r\000i\000a\000n\000c\000e\000\040\000e\000t\000\040\000c\000h\000o\000i\000x\000\040\000d\000e\000\040\000k}{subsection.6.1}% 65
\BOOKMARK [3][-]{subsubsection.6.1.3}{\376\377\000P\000l\000u\000s\000i\000e\000u\000r\000s\000\040\000v\000a\000r\000i\000a\000b\000l\000e\000s\000\040\000e\000x\000p\000l\000i\000c\000a\000t\000i\000v\000e\000s\000\040\000e\000t\000\040\000d\000i\000s\000t\000a\000n\000c\000e\000\040\000d\000e\000\040\000M\000a\000h\000a\000l\000a\000n\000o\000b\000i\000s}{subsection.6.1}% 66
\BOOKMARK [2][-]{subsection.6.2}{\376\377\000E\000s\000t\000i\000m\000a\000t\000e\000u\000r\000\040\000d\000e\000\040\000n\000o\000y\000a\000u\000\040\000\050\000N\000a\000d\000a\000r\000a\000y\000a\000-\000W\000a\000t\000s\000o\000n\000\051}{section.6}% 67
\BOOKMARK [3][-]{subsubsection.6.2.1}{\376\377\000D\000e\000s\000\040\000v\000o\000i\000s\000i\000n\000s\000\040\000a\000u\000x\000\040\000n\000o\000y\000a\000u\000x}{subsection.6.2}% 68
\BOOKMARK [3][-]{subsubsection.6.2.2}{\376\377\000C\000h\000o\000i\000x\000\040\000d\000u\000\040\000p\000a\000r\000a\000m\000\350\000t\000r\000e\000\040\000d\000e\000\040\000f\000e\000n\000\352\000t\000r\000e\000\040\000h}{subsection.6.2}% 69
\BOOKMARK [2][-]{subsection.6.3}{\376\377\000R\000\351\000g\000r\000e\000s\000s\000i\000o\000n\000\040\000n\000o\000n\000-\000p\000a\000r\000a\000m\000\351\000t\000r\000i\000q\000u\000e\000\040\000e\000t\000\040\000c\000l\000a\000s\000s\000i\000f\000i\000c\000a\000t\000i\000o\000n}{section.6}% 70
\BOOKMARK [1][-]{section.7}{\376\377\000R\000\351\000g\000r\000e\000s\000s\000i\000o\000n\000\040\000n\000o\000n\000-\000l\000i\000n\000\351\000a\000i\000r\000e\000\040\000:\000\040\000p\000o\000l\000y\000n\000\364\000m\000e\000s\000,\000\040\000f\000o\000n\000c\000t\000i\000o\000n\000s\000\040\000p\000a\000r\000\040\000m\000o\000r\000c\000e\000a\000u\000x\000\040\000e\000t\000\040\000s\000p\000l\000i\000n\000e\000s}{}% 71
\BOOKMARK [2][-]{subsection.7.1}{\376\377\000R\000\351\000g\000r\000e\000s\000s\000i\000o\000n\000\040\000p\000o\000l\000y\000n\000o\000m\000i\000a\000l\000e}{section.7}% 72
\BOOKMARK [2][-]{subsection.7.2}{\376\377\000R\000\351\000g\000r\000e\000s\000s\000i\000o\000n\000\040\000a\000v\000e\000c\000\040\000d\000e\000s\000\040\000f\000o\000n\000c\000t\000i\000o\000n\000s\000\040\000c\000o\000n\000s\000t\000a\000n\000t\000e\000s\000\040\000p\000a\000r\000\040\000m\000o\000r\000c\000e\000a\000u\000x}{section.7}% 73
\BOOKMARK [2][-]{subsection.7.3}{\376\377\000R\000\351\000g\000r\000e\000s\000s\000i\000o\000n\000\040\000a\000v\000e\000c\000\040\000d\000e\000s\000\040\000s\000p\000l\000i\000n\000e\000s}{section.7}% 74
\BOOKMARK [3][-]{subsubsection.7.3.1}{\376\377\000S\000p\000l\000i\000n\000e\000s\000\040\000d\000e\000\040\000r\000\351\000g\000r\000e\000s\000s\000i\000o\000n}{subsection.7.3}% 75
\BOOKMARK [3][-]{subsubsection.7.3.2}{\376\377\000B\000a\000s\000e\000\040\000d\000e\000s\000\040\000p\000u\000i\000s\000s\000a\000n\000c\000e\000s\000\040\000t\000r\000o\000n\000q\000u\000\351\000e\000s}{subsection.7.3}% 76
\BOOKMARK [3][-]{subsubsection.7.3.3}{\376\377\000B\000-\000s\000p\000l\000i\000n\000e\000s}{subsection.7.3}% 77
\BOOKMARK [3][-]{subsubsection.7.3.4}{\376\377\000S\000p\000l\000i\000n\000e\000s\000\040\000n\000a\000t\000u\000r\000e\000l\000l\000e\000s}{subsection.7.3}% 78
\BOOKMARK [3][-]{subsubsection.7.3.5}{\376\377\000S\000p\000l\000i\000n\000e\000s\000\040\000d\000e\000\040\000l\000i\000s\000s\000a\000g\000e\000\040\000\050\000s\000p\000l\000i\000n\000e\000s\000\040\000p\000\351\000n\000a\000l\000i\000s\000\351\000e\000s\000\051}{subsection.7.3}% 79
\BOOKMARK [1][-]{section.8}{\376\377\000M\000o\000d\000\350\000l\000e\000s\000\040\000a\000d\000d\000i\000t\000i\000f\000s\000\040\000e\000t\000\040\000m\000o\000d\000\350\000l\000e\000s\000\040\000a\000d\000d\000i\000t\000i\000f\000s\000\040\000g\000\351\000n\000\351\000r\000a\000l\000i\000s\000\351\000s\000\040\000\050\000G\000A\000M\000\051}{}% 80
\BOOKMARK [2][-]{subsection.8.1}{\376\377\000M\000o\000t\000i\000v\000a\000t\000i\000o\000n}{section.8}% 81
\BOOKMARK [2][-]{subsection.8.2}{\376\377\000E\000s\000t\000i\000m\000a\000t\000i\000o\000n\000\040\000p\000a\000r\000\040\000m\000o\000i\000n\000d\000r\000e\000s\000\040\000c\000a\000r\000r\000\351\000s\000\040\000p\000\351\000n\000a\000l\000i\000s\000\351\000s}{section.8}% 82
\BOOKMARK [3][-]{subsubsection.8.2.1}{\376\377\000M\000a\000t\000r\000i\000c\000e\000\040\000d\000'\000i\000n\000f\000l\000u\000e\000n\000c\000e\000\040\000e\000t\000\040\000d\000e\000g\000r\000\351\000s\000\040\000d\000e\000\040\000l\000i\000b\000e\000r\000t\000\351\000\040\000e\000f\000f\000e\000c\000t\000i\000f\000s}{subsection.8.2}% 83
\BOOKMARK [3][-]{subsubsection.8.2.2}{\376\377\000C\000h\000o\000i\000x\000\040\000d\000e\000s\000\040\000p\000a\000r\000a\000m\000\350\000t\000r\000e\000s\000\040\000d\000e\000\040\000l\000i\000s\000s\000a\000g\000e}{subsection.8.2}% 84
\BOOKMARK [3][-]{subsubsection.8.2.3}{\376\377\000I\000n\000f\000\351\000r\000e\000n\000c\000e}{subsection.8.2}% 85
\BOOKMARK [2][-]{subsection.8.3}{\376\377\000M\000o\000d\000\350\000l\000e\000s\000\040\000a\000d\000d\000i\000t\000i\000f\000s\000\040\000g\000\351\000n\000\351\000r\000a\000l\000i\000s\000\351\000s}{section.8}% 86
\BOOKMARK [3][-]{subsubsection.8.3.1}{\376\377\000A\000l\000g\000o\000r\000i\000t\000h\000m\000e\000\040\000d\000'\000a\000j\000u\000s\000t\000e\000m\000e\000n\000t\000\040\000\050\000m\000o\000i\000n\000d\000r\000e\000s\000\040\000c\000a\000r\000r\000\351\000s\000\040\000p\000o\000n\000d\000\351\000r\000\351\000s\000\040\000i\000t\000\351\000r\000a\000t\000i\000f\000s\000\040\000p\000\351\000n\000a\000l\000i\000s\000\351\000s\000\051}{subsection.8.3}% 87
\BOOKMARK [3][-]{subsubsection.8.3.2}{\376\377\000C\000h\000o\000i\000x\000\040\000d\000e\000s\000\040\000p\000a\000r\000a\000m\000\350\000t\000r\000e\000s\000\040\000d\000e\000\040\000l\000i\000s\000s\000a\000g\000e\000\040\000e\000t\000\040\000c\000o\000m\000p\000a\000r\000a\000i\000s\000o\000n\000\040\000d\000e\000\040\000m\000o\000d\000\350\000l\000e\000s}{subsection.8.3}% 88
\BOOKMARK [3][-]{subsubsection.8.3.3}{\376\377\000E\000n\000\040\000p\000r\000a\000t\000i\000q\000u\000e\000\040\000a\000v\000e\000c\000\040\000R}{subsection.8.3}% 89
\BOOKMARK [2][-]{subsection.8.4}{\376\377\000S\000y\000n\000t\000h\000\350\000s\000e\000\040\000d\000u\000\040\000c\000o\000u\000r\000s}{section.8}% 90
