This is pdfTeX, Version 3.14159265-2.6-1.40.18 (TeX Live 2017/W32TeX) (preloaded format=pdflatex 2018.2.26)  29 SEP 2024 15:57
entering extended mode
 restricted \write18 enabled.
 %&-line parsing enabled.
**"./Chap 4.tex"
(./Chap 4.tex
LaTeX2e <2017-04-15>
Babel <3.18> and hyphenation patterns for 84 language(s) loaded.
(c:/texlive/2017/texmf-dist/tex/latex/base/article.cls
Document Class: article 2014/09/29 v1.4h Standard LaTeX document class
(c:/texlive/2017/texmf-dist/tex/latex/base/size11.clo
File: size11.clo 2014/09/29 v1.4h Standard LaTeX file (size option)
)
\c@part=\count79
\c@section=\count80
\c@subsection=\count81
\c@subsubsection=\count82
\c@paragraph=\count83
\c@subparagraph=\count84
\c@figure=\count85
\c@table=\count86
\abovecaptionskip=\skip41
\belowcaptionskip=\skip42
\bibindent=\dimen102
)
(c:/texlive/2017/texmf-dist/tex/latex/amsmath/amsmath.sty
Package: amsmath 2017/09/02 v2.17a AMS math features
\@mathmargin=\skip43

For additional information on amsmath, use the `?' option.
(c:/texlive/2017/texmf-dist/tex/latex/amsmath/amstext.sty
Package: amstext 2000/06/29 v2.01 AMS text

(c:/texlive/2017/texmf-dist/tex/latex/amsmath/amsgen.sty
File: amsgen.sty 1999/11/30 v2.0 generic functions
\@emptytoks=\toks14
\ex@=\dimen103
))
(c:/texlive/2017/texmf-dist/tex/latex/amsmath/amsbsy.sty
Package: amsbsy 1999/11/29 v1.2d Bold Symbols
\pmbraise@=\dimen104
)
(c:/texlive/2017/texmf-dist/tex/latex/amsmath/amsopn.sty
Package: amsopn 2016/03/08 v2.02 operator names
)
\inf@bad=\count87
LaTeX Info: Redefining \frac on input line 213.
\uproot@=\count88
\leftroot@=\count89
LaTeX Info: Redefining \overline on input line 375.
\classnum@=\count90
\DOTSCASE@=\count91
LaTeX Info: Redefining \ldots on input line 472.
LaTeX Info: Redefining \dots on input line 475.
LaTeX Info: Redefining \cdots on input line 596.
\Mathstrutbox@=\box26
\strutbox@=\box27
\big@size=\dimen105
LaTeX Font Info:    Redeclaring font encoding OML on input line 712.
LaTeX Font Info:    Redeclaring font encoding OMS on input line 713.
\macc@depth=\count92
\c@MaxMatrixCols=\count93
\dotsspace@=\muskip10
\c@parentequation=\count94
\dspbrk@lvl=\count95
\tag@help=\toks15
\row@=\count96
\column@=\count97
\maxfields@=\count98
\andhelp@=\toks16
\eqnshift@=\dimen106
\alignsep@=\dimen107
\tagshift@=\dimen108
\tagwidth@=\dimen109
\totwidth@=\dimen110
\lineht@=\dimen111
\@envbody=\toks17
\multlinegap=\skip44
\multlinetaggap=\skip45
\mathdisplay@stack=\toks18
LaTeX Info: Redefining \[ on input line 2817.
LaTeX Info: Redefining \] on input line 2818.
)
(c:/texlive/2017/texmf-dist/tex/latex/amsfonts/amsfonts.sty
Package: amsfonts 2013/01/14 v3.01 Basic AMSFonts support
\symAMSa=\mathgroup4
\symAMSb=\mathgroup5
LaTeX Font Info:    Overwriting math alphabet `\mathfrak' in version `bold'
(Font)                  U/euf/m/n --> U/euf/b/n on input line 106.
)
(c:/texlive/2017/texmf-dist/tex/generic/mathabx/mathabx.sty
Package: mathabx 2003/07/29 v0.0 Non-standard LaTeX package mathabx
\symmatha=\mathgroup6
\symmathb=\mathgroup7
\symmathx=\mathgroup8

(c:/texlive/2017/texmf-dist/tex/generic/mathabx/mathabx.dcl
LaTeX Font Info:    Redeclaring math symbol \cdotp on input line 25.
LaTeX Font Info:    Redeclaring math symbol \times on input line 33.
LaTeX Font Info:    Redeclaring math symbol \div on input line 34.
LaTeX Font Info:    Redeclaring math symbol \cdot on input line 35.
LaTeX Font Info:    Redeclaring math symbol \circ on input line 36.
LaTeX Font Info:    Redeclaring math symbol \ast on input line 38.
LaTeX Font Info:    Redeclaring math symbol \pm on input line 41.
LaTeX Font Info:    Redeclaring math symbol \mp on input line 42.
LaTeX Font Info:    Redeclaring math symbol \diamond on input line 45.
LaTeX Font Info:    Redeclaring math symbol \bullet on input line 46.
LaTeX Font Info:    Redeclaring math symbol \star on input line 47.
LaTeX Font Info:    Redeclaring math symbol \amalg on input line 51.
LaTeX Font Info:    Redeclaring math symbol \square on input line 63.
LaTeX Font Info:    Redeclaring math symbol \equiv on input line 83.
LaTeX Font Info:    Redeclaring math symbol \sim on input line 84.
LaTeX Font Info:    Redeclaring math symbol \approx on input line 85.
LaTeX Font Info:    Redeclaring math symbol \simeq on input line 86.
LaTeX Font Info:    Redeclaring math symbol \asymp on input line 89.
LaTeX Font Info:    Redeclaring math symbol \neg on input line 134.
LaTeX Font Info:    Redeclaring math symbol \ll on input line 136.
LaTeX Font Info:    Redeclaring math symbol \gg on input line 137.
LaTeX Font Info:    Redeclaring math symbol \vdash on input line 139.
LaTeX Font Info:    Redeclaring math symbol \dashv on input line 140.
LaTeX Font Info:    Redeclaring math symbol \flat on input line 158.
LaTeX Font Info:    Redeclaring math symbol \natural on input line 159.
LaTeX Font Info:    Redeclaring math symbol \sharp on input line 160.
LaTeX Font Info:    Redeclaring math symbol \infty on input line 161.
LaTeX Font Info:    Redeclaring math symbol \propto on input line 162.
LaTeX Font Info:    Redeclaring math symbol \dagger on input line 163.
LaTeX Font Info:    Redeclaring math symbol \ddagger on input line 164.
LaTeX Font Info:    Redeclaring math symbol \smile on input line 171.
LaTeX Font Info:    Redeclaring math symbol \frown on input line 172.
LaTeX Font Info:    Redeclaring math symbol \setminus on input line 218.
LaTeX Font Info:    Redeclaring math symbol \mid on input line 222.
LaTeX Font Info:    Redeclaring math symbol \forall on input line 279.
LaTeX Font Info:    Redeclaring math symbol \partial on input line 281.
LaTeX Font Info:    Redeclaring math symbol \exists on input line 284.
LaTeX Font Info:    Redeclaring math symbol \emptyset on input line 288.
LaTeX Font Info:    Redeclaring math symbol \top on input line 290.
LaTeX Font Info:    Redeclaring math symbol \bot on input line 291.
LaTeX Font Info:    Redeclaring math symbol \perp on input line 292.
LaTeX Font Info:    Redeclaring math symbol \in on input line 299.
LaTeX Font Info:    Redeclaring math symbol \owns on input line 300.
LaTeX Font Info:    Redeclaring math symbol \cap on input line 312.
LaTeX Font Info:    Redeclaring math symbol \cup on input line 313.
LaTeX Font Info:    Redeclaring math symbol \uplus on input line 314.
LaTeX Font Info:    Redeclaring math symbol \sqcap on input line 315.
LaTeX Font Info:    Redeclaring math symbol \sqcup on input line 316.
LaTeX Font Info:    Redeclaring math symbol \wedge on input line 318.
LaTeX Font Info:    Redeclaring math symbol \vee on input line 320.
LaTeX Font Info:    Redeclaring math symbol \subset on input line 344.
LaTeX Font Info:    Redeclaring math symbol \supset on input line 345.
LaTeX Font Info:    Redeclaring math symbol \subseteq on input line 348.
LaTeX Font Info:    Redeclaring math symbol \supseteq on input line 349.
LaTeX Font Info:    Redeclaring math symbol \sqsubseteq on input line 380.
LaTeX Font Info:    Redeclaring math symbol \sqsupseteq on input line 381.
LaTeX Font Info:    Redeclaring math symbol \triangleleft on input line 407.
LaTeX Font Info:    Redeclaring math symbol \vartriangleleft on input line 408.

LaTeX Font Info:    Redeclaring math symbol \triangleright on input line 409.
LaTeX Font Info:    Redeclaring math symbol \vartriangleright on input line 410
.
LaTeX Font Info:    Redeclaring math symbol \trianglelefteq on input line 413.
LaTeX Font Info:    Redeclaring math symbol \trianglerighteq on input line 414.

LaTeX Font Info:    Redeclaring math symbol \leq on input line 439.
LaTeX Font Info:    Redeclaring math symbol \geq on input line 441.
LaTeX Font Info:    Redeclaring math symbol \prec on input line 498.
LaTeX Font Info:    Redeclaring math symbol \succ on input line 499.
LaTeX Font Info:    Redeclaring math symbol \preceq on input line 506.
LaTeX Font Info:    Redeclaring math symbol \succeq on input line 507.
LaTeX Font Info:    Redeclaring math symbol \leftarrow on input line 540.
LaTeX Font Info:    Redeclaring math symbol \rightarrow on input line 542.
LaTeX Font Info:    Redeclaring math symbol \nwarrow on input line 546.
LaTeX Font Info:    Redeclaring math symbol \nearrow on input line 547.
LaTeX Font Info:    Redeclaring math symbol \swarrow on input line 548.
LaTeX Font Info:    Redeclaring math symbol \searrow on input line 549.
LaTeX Font Info:    Redeclaring math symbol \leftrightarrow on input line 550.
LaTeX Font Info:    Redeclaring math symbol \mapstochar on input line 557.
LaTeX Font Info:    Redeclaring math symbol \leftharpoonup on input line 560.
LaTeX Font Info:    Redeclaring math symbol \rightharpoonup on input line 561.
LaTeX Font Info:    Redeclaring math symbol \leftharpoondown on input line 562.

LaTeX Font Info:    Redeclaring math symbol \rightharpoondown on input line 563
.
LaTeX Font Info:    Redeclaring math symbol \Leftarrow on input line 575.
LaTeX Font Info:    Redeclaring math symbol \Rightarrow on input line 576.
LaTeX Font Info:    Redeclaring math symbol \Leftrightarrow on input line 579.
LaTeX Font Info:    Redeclaring math symbol \rhook on input line 612.
LaTeX Font Info:    Redeclaring math symbol \lhook on input line 613.
LaTeX Font Info:    Redeclaring math symbol \rightsquigarrow on input line 645.

LaTeX Font Info:    Redeclaring math symbol \oplus on input line 658.
LaTeX Font Info:    Redeclaring math symbol \ominus on input line 659.
LaTeX Font Info:    Redeclaring math symbol \otimes on input line 661.
LaTeX Font Info:    Redeclaring math symbol \odot on input line 663.
LaTeX Font Info:    Redeclaring math symbol \oslash on input line 675.
\mayacnter=\count99
\mayacnta=\count100
\mayacntb=\count101
\mayacntc=\count102
\mayawidth=\dimen112
LaTeX Font Info:    Redeclaring math symbol \intop on input line 753.
LaTeX Font Info:    Redeclaring math symbol \ointop on input line 760.
LaTeX Font Info:    Redeclaring math delimiter \lbrace on input line 842.
LaTeX Info: Redefining \{ on input line 846.
LaTeX Font Info:    Redeclaring math delimiter \rbrace on input line 848.
LaTeX Info: Redefining \} on input line 852.
LaTeX Font Info:    Redeclaring math delimiter \langle on input line 858.
LaTeX Font Info:    Redeclaring math delimiter \rangle on input line 859.
LaTeX Font Info:    Redeclaring math delimiter \vert on input line 863.
LaTeX Font Info:    Redeclaring math delimiter \Vert on input line 865.
LaTeX Font Info:    Redeclaring math delimiter \uparrow on input line 868.
LaTeX Font Info:    Redeclaring math delimiter \downarrow on input line 869.
LaTeX Font Info:    Redeclaring math delimiter \updownarrow on input line 870.
LaTeX Font Info:    Redeclaring math delimiter \Uparrow on input line 871.
LaTeX Font Info:    Redeclaring math delimiter \Downarrow on input line 872.
LaTeX Font Info:    Redeclaring math delimiter \Updownarrow on input line 873.
LaTeX Font Info:    Redeclaring math delimiter \lgroup on input line 880.
LaTeX Font Info:    Redeclaring math delimiter \rgroup on input line 881.
LaTeX Font Info:    Redeclaring math delimiter \lceil on input line 882.
LaTeX Font Info:    Redeclaring math delimiter \rceil on input line 883.
LaTeX Font Info:    Redeclaring math delimiter \lfloor on input line 884.
LaTeX Font Info:    Redeclaring math delimiter \rfloor on input line 885.
LaTeX Font Info:    Redeclaring math symbol \braceld on input line 903.
LaTeX Font Info:    Redeclaring math symbol \bracerd on input line 905.
LaTeX Font Info:    Redeclaring math symbol \bracelu on input line 907.
LaTeX Font Info:    Redeclaring math symbol \braceru on input line 909.
LaTeX Font Info:    Redeclaring math accent \widehat on input line 944.
LaTeX Font Info:    Redeclaring math accent \widetilde on input line 946.
))
(c:/texlive/2017/texmf-dist/tex/latex/graphics/graphicx.sty
Package: graphicx 2017/06/01 v1.1a Enhanced LaTeX Graphics (DPC,SPQR)

(c:/texlive/2017/texmf-dist/tex/latex/graphics/keyval.sty
Package: keyval 2014/10/28 v1.15 key=value parser (DPC)
\KV@toks@=\toks19
)
(c:/texlive/2017/texmf-dist/tex/latex/graphics/graphics.sty
Package: graphics 2017/06/25 v1.2c Standard LaTeX Graphics (DPC,SPQR)

(c:/texlive/2017/texmf-dist/tex/latex/graphics/trig.sty
Package: trig 2016/01/03 v1.10 sin cos tan (DPC)
)
(c:/texlive/2017/texmf-dist/tex/latex/graphics-cfg/graphics.cfg
File: graphics.cfg 2016/06/04 v1.11 sample graphics configuration
)
Package graphics Info: Driver file: pdftex.def on input line 99.

(c:/texlive/2017/texmf-dist/tex/latex/graphics-def/pdftex.def
File: pdftex.def 2018/01/08 v1.0l Graphics/color driver for pdftex
))
\Gin@req@height=\dimen113
\Gin@req@width=\dimen114
)
(c:/texlive/2017/texmf-dist/tex/latex/hyperref/hyperref.sty
Package: hyperref 2018/02/06 v6.86b Hypertext links for LaTeX

(c:/texlive/2017/texmf-dist/tex/generic/oberdiek/hobsub-hyperref.sty
Package: hobsub-hyperref 2016/05/16 v1.14 Bundle oberdiek, subset hyperref (HO)


(c:/texlive/2017/texmf-dist/tex/generic/oberdiek/hobsub-generic.sty
Package: hobsub-generic 2016/05/16 v1.14 Bundle oberdiek, subset generic (HO)
Package: hobsub 2016/05/16 v1.14 Construct package bundles (HO)
Package: infwarerr 2016/05/16 v1.4 Providing info/warning/error messages (HO)
Package: ltxcmds 2016/05/16 v1.23 LaTeX kernel commands for general use (HO)
Package: ifluatex 2016/05/16 v1.4 Provides the ifluatex switch (HO)
Package ifluatex Info: LuaTeX not detected.
Package: ifvtex 2016/05/16 v1.6 Detect VTeX and its facilities (HO)
Package ifvtex Info: VTeX not detected.
Package: intcalc 2016/05/16 v1.2 Expandable calculations with integers (HO)
Package: ifpdf 2017/03/15 v3.2 Provides the ifpdf switch
Package: etexcmds 2016/05/16 v1.6 Avoid name clashes with e-TeX commands (HO)
Package etexcmds Info: Could not find \expanded.
(etexcmds)             That can mean that you are not using pdfTeX 1.50 or
(etexcmds)             that some package has redefined \expanded.
(etexcmds)             In the latter case, load this package earlier.
Package: kvsetkeys 2016/05/16 v1.17 Key value parser (HO)
Package: kvdefinekeys 2016/05/16 v1.4 Define keys (HO)
Package: pdftexcmds 2018/01/21 v0.26 Utility functions of pdfTeX for LuaTeX (HO
)
Package pdftexcmds Info: LuaTeX not detected.
Package pdftexcmds Info: \pdf@primitive is available.
Package pdftexcmds Info: \pdf@ifprimitive is available.
Package pdftexcmds Info: \pdfdraftmode found.
Package: pdfescape 2016/05/16 v1.14 Implements pdfTeX's escape features (HO)
Package: bigintcalc 2016/05/16 v1.4 Expandable calculations on big integers (HO
)
Package: bitset 2016/05/16 v1.2 Handle bit-vector datatype (HO)
Package: uniquecounter 2016/05/16 v1.3 Provide unlimited unique counter (HO)
)
Package hobsub Info: Skipping package `hobsub' (already loaded).
Package: letltxmacro 2016/05/16 v1.5 Let assignment for LaTeX macros (HO)
Package: hopatch 2016/05/16 v1.3 Wrapper for package hooks (HO)
Package: xcolor-patch 2016/05/16 xcolor patch
Package: atveryend 2016/05/16 v1.9 Hooks at the very end of document (HO)
Package atveryend Info: \enddocument detected (standard20110627).
Package: atbegshi 2016/06/09 v1.18 At begin shipout hook (HO)
Package: refcount 2016/05/16 v3.5 Data extraction from label references (HO)
Package: hycolor 2016/05/16 v1.8 Color options for hyperref/bookmark (HO)
)
(c:/texlive/2017/texmf-dist/tex/generic/ifxetex/ifxetex.sty
Package: ifxetex 2010/09/12 v0.6 Provides ifxetex conditional
)
(c:/texlive/2017/texmf-dist/tex/latex/oberdiek/auxhook.sty
Package: auxhook 2016/05/16 v1.4 Hooks for auxiliary files (HO)
)
(c:/texlive/2017/texmf-dist/tex/latex/oberdiek/kvoptions.sty
Package: kvoptions 2016/05/16 v3.12 Key value format for package options (HO)
)
\@linkdim=\dimen115
\Hy@linkcounter=\count103
\Hy@pagecounter=\count104

(c:/texlive/2017/texmf-dist/tex/latex/hyperref/pd1enc.def
File: pd1enc.def 2018/02/06 v6.86b Hyperref: PDFDocEncoding definition (HO)
)
\Hy@SavedSpaceFactor=\count105

(c:/texlive/2017/texmf-dist/tex/latex/latexconfig/hyperref.cfg
File: hyperref.cfg 2002/06/06 v1.2 hyperref configuration of TeXLive
)
Package hyperref Info: Hyper figures OFF on input line 4509.
Package hyperref Info: Link nesting OFF on input line 4514.
Package hyperref Info: Hyper index ON on input line 4517.
Package hyperref Info: Plain pages OFF on input line 4524.
Package hyperref Info: Backreferencing OFF on input line 4529.
Package hyperref Info: Implicit mode ON; LaTeX internals redefined.
Package hyperref Info: Bookmarks ON on input line 4762.
\c@Hy@tempcnt=\count106

(c:/texlive/2017/texmf-dist/tex/latex/url/url.sty
\Urlmuskip=\muskip11
Package: url 2013/09/16  ver 3.4  Verb mode for urls, etc.
)
LaTeX Info: Redefining \url on input line 5115.
\XeTeXLinkMargin=\dimen116
\Fld@menulength=\count107
\Field@Width=\dimen117
\Fld@charsize=\dimen118
Package hyperref Info: Hyper figures OFF on input line 6369.
Package hyperref Info: Link nesting OFF on input line 6374.
Package hyperref Info: Hyper index ON on input line 6377.
Package hyperref Info: backreferencing OFF on input line 6384.
Package hyperref Info: Link coloring OFF on input line 6389.
Package hyperref Info: Link coloring with OCG OFF on input line 6394.
Package hyperref Info: PDF/A mode OFF on input line 6399.
LaTeX Info: Redefining \ref on input line 6439.
LaTeX Info: Redefining \pageref on input line 6443.
\Hy@abspage=\count108
\c@Item=\count109
\c@Hfootnote=\count110
)
Package hyperref Info: Driver (autodetected): hpdftex.

(c:/texlive/2017/texmf-dist/tex/latex/hyperref/hpdftex.def
File: hpdftex.def 2018/02/06 v6.86b Hyperref driver for pdfTeX
\Fld@listcount=\count111
\c@bookmark@seq@number=\count112

(c:/texlive/2017/texmf-dist/tex/latex/oberdiek/rerunfilecheck.sty
Package: rerunfilecheck 2016/05/16 v1.8 Rerun checks for auxiliary files (HO)
Package uniquecounter Info: New unique counter `rerunfilecheck' on input line 2
82.
)
\Hy@SectionHShift=\skip46
)
(c:/texlive/2017/texmf-dist/tex/latex/tcolorbox/tcolorbox.sty
Package: tcolorbox 2018/01/12 version 4.12 text color boxes

(c:/texlive/2017/texmf-dist/tex/latex/pgf/basiclayer/pgf.sty
(c:/texlive/2017/texmf-dist/tex/latex/pgf/utilities/pgfrcs.sty
(c:/texlive/2017/texmf-dist/tex/generic/pgf/utilities/pgfutil-common.tex
\pgfutil@everybye=\toks20
\pgfutil@tempdima=\dimen119
\pgfutil@tempdimb=\dimen120

(c:/texlive/2017/texmf-dist/tex/generic/pgf/utilities/pgfutil-common-lists.tex)
) (c:/texlive/2017/texmf-dist/tex/generic/pgf/utilities/pgfutil-latex.def
\pgfutil@abb=\box28

(c:/texlive/2017/texmf-dist/tex/latex/ms/everyshi.sty
Package: everyshi 2001/05/15 v3.00 EveryShipout Package (MS)
))
(c:/texlive/2017/texmf-dist/tex/generic/pgf/utilities/pgfrcs.code.tex
Package: pgfrcs 2015/08/07 v3.0.1a (rcs-revision 1.31)
))
Package: pgf 2015/08/07 v3.0.1a (rcs-revision 1.15)

(c:/texlive/2017/texmf-dist/tex/latex/pgf/basiclayer/pgfcore.sty
(c:/texlive/2017/texmf-dist/tex/latex/pgf/systemlayer/pgfsys.sty
(c:/texlive/2017/texmf-dist/tex/generic/pgf/systemlayer/pgfsys.code.tex
Package: pgfsys 2014/07/09 v3.0.1a (rcs-revision 1.48)

(c:/texlive/2017/texmf-dist/tex/generic/pgf/utilities/pgfkeys.code.tex
\pgfkeys@pathtoks=\toks21
\pgfkeys@temptoks=\toks22

(c:/texlive/2017/texmf-dist/tex/generic/pgf/utilities/pgfkeysfiltered.code.tex
\pgfkeys@tmptoks=\toks23
))
\pgf@x=\dimen121
\pgf@y=\dimen122
\pgf@xa=\dimen123
\pgf@ya=\dimen124
\pgf@xb=\dimen125
\pgf@yb=\dimen126
\pgf@xc=\dimen127
\pgf@yc=\dimen128
\w@pgf@writea=\write3
\r@pgf@reada=\read1
\c@pgf@counta=\count113
\c@pgf@countb=\count114
\c@pgf@countc=\count115
\c@pgf@countd=\count116
\t@pgf@toka=\toks24
\t@pgf@tokb=\toks25
\t@pgf@tokc=\toks26
 (c:/texlive/2017/texmf-dist/tex/generic/pgf/systemlayer/pgf.cfg
File: pgf.cfg 2008/05/14  (rcs-revision 1.7)
)
Driver file for pgf: pgfsys-pdftex.def

(c:/texlive/2017/texmf-dist/tex/generic/pgf/systemlayer/pgfsys-pdftex.def
File: pgfsys-pdftex.def 2014/10/11  (rcs-revision 1.35)

(c:/texlive/2017/texmf-dist/tex/generic/pgf/systemlayer/pgfsys-common-pdf.def
File: pgfsys-common-pdf.def 2013/10/10  (rcs-revision 1.13)
)))
(c:/texlive/2017/texmf-dist/tex/generic/pgf/systemlayer/pgfsyssoftpath.code.tex
File: pgfsyssoftpath.code.tex 2013/09/09  (rcs-revision 1.9)
\pgfsyssoftpath@smallbuffer@items=\count117
\pgfsyssoftpath@bigbuffer@items=\count118
)
(c:/texlive/2017/texmf-dist/tex/generic/pgf/systemlayer/pgfsysprotocol.code.tex
File: pgfsysprotocol.code.tex 2006/10/16  (rcs-revision 1.4)
)) (c:/texlive/2017/texmf-dist/tex/latex/xcolor/xcolor.sty
Package: xcolor 2016/05/11 v2.12 LaTeX color extensions (UK)

(c:/texlive/2017/texmf-dist/tex/latex/graphics-cfg/color.cfg
File: color.cfg 2016/01/02 v1.6 sample color configuration
)
Package xcolor Info: Driver file: pdftex.def on input line 225.
Package xcolor Info: Model `cmy' substituted by `cmy0' on input line 1348.
Package xcolor Info: Model `hsb' substituted by `rgb' on input line 1352.
Package xcolor Info: Model `RGB' extended on input line 1364.
Package xcolor Info: Model `HTML' substituted by `rgb' on input line 1366.
Package xcolor Info: Model `Hsb' substituted by `hsb' on input line 1367.
Package xcolor Info: Model `tHsb' substituted by `hsb' on input line 1368.
Package xcolor Info: Model `HSB' substituted by `hsb' on input line 1369.
Package xcolor Info: Model `Gray' substituted by `gray' on input line 1370.
Package xcolor Info: Model `wave' substituted by `hsb' on input line 1371.
)
(c:/texlive/2017/texmf-dist/tex/generic/pgf/basiclayer/pgfcore.code.tex
Package: pgfcore 2010/04/11 v3.0.1a (rcs-revision 1.7)

(c:/texlive/2017/texmf-dist/tex/generic/pgf/math/pgfmath.code.tex
(c:/texlive/2017/texmf-dist/tex/generic/pgf/math/pgfmathcalc.code.tex
(c:/texlive/2017/texmf-dist/tex/generic/pgf/math/pgfmathutil.code.tex)
(c:/texlive/2017/texmf-dist/tex/generic/pgf/math/pgfmathparser.code.tex
\pgfmath@dimen=\dimen129
\pgfmath@count=\count119
\pgfmath@box=\box29
\pgfmath@toks=\toks27
\pgfmath@stack@operand=\toks28
\pgfmath@stack@operation=\toks29
)
(c:/texlive/2017/texmf-dist/tex/generic/pgf/math/pgfmathfunctions.code.tex
(c:/texlive/2017/texmf-dist/tex/generic/pgf/math/pgfmathfunctions.basic.code.te
x)
(c:/texlive/2017/texmf-dist/tex/generic/pgf/math/pgfmathfunctions.trigonometric
.code.tex)
(c:/texlive/2017/texmf-dist/tex/generic/pgf/math/pgfmathfunctions.random.code.t
ex)
(c:/texlive/2017/texmf-dist/tex/generic/pgf/math/pgfmathfunctions.comparison.co
de.tex)
(c:/texlive/2017/texmf-dist/tex/generic/pgf/math/pgfmathfunctions.base.code.tex
)
(c:/texlive/2017/texmf-dist/tex/generic/pgf/math/pgfmathfunctions.round.code.te
x)
(c:/texlive/2017/texmf-dist/tex/generic/pgf/math/pgfmathfunctions.misc.code.tex
)
(c:/texlive/2017/texmf-dist/tex/generic/pgf/math/pgfmathfunctions.integerarithm
etics.code.tex)))
(c:/texlive/2017/texmf-dist/tex/generic/pgf/math/pgfmathfloat.code.tex
\c@pgfmathroundto@lastzeros=\count120
))
(c:/texlive/2017/texmf-dist/tex/generic/pgf/basiclayer/pgfcorepoints.code.tex
File: pgfcorepoints.code.tex 2013/10/07  (rcs-revision 1.27)
\pgf@picminx=\dimen130
\pgf@picmaxx=\dimen131
\pgf@picminy=\dimen132
\pgf@picmaxy=\dimen133
\pgf@pathminx=\dimen134
\pgf@pathmaxx=\dimen135
\pgf@pathminy=\dimen136
\pgf@pathmaxy=\dimen137
\pgf@xx=\dimen138
\pgf@xy=\dimen139
\pgf@yx=\dimen140
\pgf@yy=\dimen141
\pgf@zx=\dimen142
\pgf@zy=\dimen143
)
(c:/texlive/2017/texmf-dist/tex/generic/pgf/basiclayer/pgfcorepathconstruct.cod
e.tex
File: pgfcorepathconstruct.code.tex 2013/10/07  (rcs-revision 1.29)
\pgf@path@lastx=\dimen144
\pgf@path@lasty=\dimen145
)
(c:/texlive/2017/texmf-dist/tex/generic/pgf/basiclayer/pgfcorepathusage.code.te
x
File: pgfcorepathusage.code.tex 2014/11/02  (rcs-revision 1.24)
\pgf@shorten@end@additional=\dimen146
\pgf@shorten@start@additional=\dimen147
)
(c:/texlive/2017/texmf-dist/tex/generic/pgf/basiclayer/pgfcorescopes.code.tex
File: pgfcorescopes.code.tex 2015/05/08  (rcs-revision 1.46)
\pgfpic=\box30
\pgf@hbox=\box31
\pgf@layerbox@main=\box32
\pgf@picture@serial@count=\count121
)
(c:/texlive/2017/texmf-dist/tex/generic/pgf/basiclayer/pgfcoregraphicstate.code
.tex
File: pgfcoregraphicstate.code.tex 2014/11/02  (rcs-revision 1.12)
\pgflinewidth=\dimen148
)
(c:/texlive/2017/texmf-dist/tex/generic/pgf/basiclayer/pgfcoretransformations.c
ode.tex
File: pgfcoretransformations.code.tex 2015/08/07  (rcs-revision 1.20)
\pgf@pt@x=\dimen149
\pgf@pt@y=\dimen150
\pgf@pt@temp=\dimen151
)
(c:/texlive/2017/texmf-dist/tex/generic/pgf/basiclayer/pgfcorequick.code.tex
File: pgfcorequick.code.tex 2008/10/09  (rcs-revision 1.3)
)
(c:/texlive/2017/texmf-dist/tex/generic/pgf/basiclayer/pgfcoreobjects.code.tex
File: pgfcoreobjects.code.tex 2006/10/11  (rcs-revision 1.2)
)
(c:/texlive/2017/texmf-dist/tex/generic/pgf/basiclayer/pgfcorepathprocessing.co
de.tex
File: pgfcorepathprocessing.code.tex 2013/09/09  (rcs-revision 1.9)
)
(c:/texlive/2017/texmf-dist/tex/generic/pgf/basiclayer/pgfcorearrows.code.tex
File: pgfcorearrows.code.tex 2015/05/14  (rcs-revision 1.43)
\pgfarrowsep=\dimen152
)
(c:/texlive/2017/texmf-dist/tex/generic/pgf/basiclayer/pgfcoreshade.code.tex
File: pgfcoreshade.code.tex 2013/07/15  (rcs-revision 1.15)
\pgf@max=\dimen153
\pgf@sys@shading@range@num=\count122
)
(c:/texlive/2017/texmf-dist/tex/generic/pgf/basiclayer/pgfcoreimage.code.tex
File: pgfcoreimage.code.tex 2013/07/15  (rcs-revision 1.18)

(c:/texlive/2017/texmf-dist/tex/generic/pgf/basiclayer/pgfcoreexternal.code.tex
File: pgfcoreexternal.code.tex 2014/07/09  (rcs-revision 1.21)
\pgfexternal@startupbox=\box33
))
(c:/texlive/2017/texmf-dist/tex/generic/pgf/basiclayer/pgfcorelayers.code.tex
File: pgfcorelayers.code.tex 2013/07/18  (rcs-revision 1.7)
)
(c:/texlive/2017/texmf-dist/tex/generic/pgf/basiclayer/pgfcoretransparency.code
.tex
File: pgfcoretransparency.code.tex 2013/09/30  (rcs-revision 1.5)
)
(c:/texlive/2017/texmf-dist/tex/generic/pgf/basiclayer/pgfcorepatterns.code.tex
File: pgfcorepatterns.code.tex 2013/11/07  (rcs-revision 1.5)
)))
(c:/texlive/2017/texmf-dist/tex/generic/pgf/modules/pgfmoduleshapes.code.tex
File: pgfmoduleshapes.code.tex 2014/03/21  (rcs-revision 1.35)
\pgfnodeparttextbox=\box34
)
(c:/texlive/2017/texmf-dist/tex/generic/pgf/modules/pgfmoduleplot.code.tex
File: pgfmoduleplot.code.tex 2015/08/03  (rcs-revision 1.13)
)
(c:/texlive/2017/texmf-dist/tex/latex/pgf/compatibility/pgfcomp-version-0-65.st
y
Package: pgfcomp-version-0-65 2007/07/03 v3.0.1a (rcs-revision 1.7)
\pgf@nodesepstart=\dimen154
\pgf@nodesepend=\dimen155
)
(c:/texlive/2017/texmf-dist/tex/latex/pgf/compatibility/pgfcomp-version-1-18.st
y
Package: pgfcomp-version-1-18 2007/07/23 v3.0.1a (rcs-revision 1.1)
)) (c:/texlive/2017/texmf-dist/tex/latex/tools/verbatim.sty
Package: verbatim 2014/10/28 v1.5q LaTeX2e package for verbatim enhancements
\every@verbatim=\toks30
\verbatim@line=\toks31
\verbatim@in@stream=\read2
)
(c:/texlive/2017/texmf-dist/tex/latex/environ/environ.sty
Package: environ 2014/05/04 v0.3 A new way to define environments

(c:/texlive/2017/texmf-dist/tex/latex/trimspaces/trimspaces.sty
Package: trimspaces 2009/09/17 v1.1 Trim spaces around a token list
))
(c:/texlive/2017/texmf-dist/tex/latex/etoolbox/etoolbox.sty
Package: etoolbox 2018/02/11 v2.5e e-TeX tools for LaTeX (JAW)
\etb@tempcnta=\count123
)
\tcb@titlebox=\box35
\tcb@upperbox=\box36
\tcb@lowerbox=\box37
\tcb@phantombox=\box38
\c@tcbbreakpart=\count124
\c@tcblayer=\count125
\tcolorbox@number=\count126
\tcb@temp=\box39
\tcb@temp=\box40
\tcb@temp=\box41
\tcb@temp=\box42
\tcb@out=\write4
\tcb@record@out=\write5

(c:/texlive/2017/texmf-dist/tex/latex/tcolorbox/tcblistings.code.tex
Library (tcolorbox): 'tcblistings.code.tex' version '4.12'
(c:/texlive/2017/texmf-dist/tex/latex/listings/listings.sty
\lst@mode=\count127
\lst@gtempboxa=\box43
\lst@token=\toks32
\lst@length=\count128
\lst@currlwidth=\dimen156
\lst@column=\count129
\lst@pos=\count130
\lst@lostspace=\dimen157
\lst@width=\dimen158
\lst@newlines=\count131
\lst@lineno=\count132
\lst@maxwidth=\dimen159

(c:/texlive/2017/texmf-dist/tex/latex/listings/lstmisc.sty
File: lstmisc.sty 2015/06/04 1.6 (Carsten Heinz)
\c@lstnumber=\count133
\lst@skipnumbers=\count134
\lst@framebox=\box44
)
(c:/texlive/2017/texmf-dist/tex/latex/listings/listings.cfg
File: listings.cfg 2015/06/04 1.6 listings configuration
))
Package: listings 2015/06/04 1.6 (Carsten Heinz)

(c:/texlive/2017/texmf-dist/tex/latex/tcolorbox/tcblistingscore.code.tex
Library (tcolorbox): 'tcblistingscore.code.tex' version '4.12'
(c:/texlive/2017/texmf-dist/tex/latex/tcolorbox/tcbprocessing.code.tex
Library (tcolorbox): 'tcbprocessing.code.tex' version '4.12'
(c:/texlive/2017/texmf-dist/tex/latex/tools/shellesc.sty
Package: shellesc 2016/06/07 v0.02a unified shell escape interface for LaTeX
Package shellesc Info: Restricted shell escape enabled on input line 69.
))
\c@tcblisting=\count135
))) (./Chap 4.aux)
\openout1 = `"Chap 4.aux"'.

LaTeX Font Info:    Checking defaults for OML/cmm/m/it on input line 15.
LaTeX Font Info:    ... okay on input line 15.
LaTeX Font Info:    Checking defaults for T1/cmr/m/n on input line 15.
LaTeX Font Info:    ... okay on input line 15.
LaTeX Font Info:    Checking defaults for OT1/cmr/m/n on input line 15.
LaTeX Font Info:    ... okay on input line 15.
LaTeX Font Info:    Checking defaults for OMS/cmsy/m/n on input line 15.
LaTeX Font Info:    ... okay on input line 15.
LaTeX Font Info:    Checking defaults for OMX/cmex/m/n on input line 15.
LaTeX Font Info:    ... okay on input line 15.
LaTeX Font Info:    Checking defaults for U/mathx/m/n on input line 15.
LaTeX Font Info:    ... okay on input line 15.
LaTeX Font Info:    Checking defaults for PD1/pdf/m/n on input line 15.
LaTeX Font Info:    ... okay on input line 15.

(c:/texlive/2017/texmf-dist/tex/context/base/mkii/supp-pdf.mkii
[Loading MPS to PDF converter (version 2006.09.02).]
\scratchcounter=\count136
\scratchdimen=\dimen160
\scratchbox=\box45
\nofMPsegments=\count137
\nofMParguments=\count138
\everyMPshowfont=\toks33
\MPscratchCnt=\count139
\MPscratchDim=\dimen161
\MPnumerator=\count140
\makeMPintoPDFobject=\count141
\everyMPtoPDFconversion=\toks34
) (c:/texlive/2017/texmf-dist/tex/latex/oberdiek/epstopdf-base.sty
Package: epstopdf-base 2016/05/15 v2.6 Base part for package epstopdf

(c:/texlive/2017/texmf-dist/tex/latex/oberdiek/grfext.sty
Package: grfext 2016/05/16 v1.2 Manage graphics extensions (HO)
)
Package epstopdf-base Info: Redefining graphics rule for `.eps' on input line 4
38.
Package grfext Info: Graphics extension search list:
(grfext)             [.pdf,.png,.jpg,.mps,.jpeg,.jbig2,.jb2,.PDF,.PNG,.JPG,.JPE
G,.JBIG2,.JB2,.eps]
(grfext)             \AppendGraphicsExtensions on input line 456.

(c:/texlive/2017/texmf-dist/tex/latex/latexconfig/epstopdf-sys.cfg
File: epstopdf-sys.cfg 2010/07/13 v1.3 Configuration of (r)epstopdf for TeX Liv
e
))
\AtBeginShipoutBox=\box46
Package hyperref Info: Link coloring OFF on input line 15.

(c:/texlive/2017/texmf-dist/tex/latex/hyperref/nameref.sty
Package: nameref 2016/05/21 v2.44 Cross-referencing by name of section

(c:/texlive/2017/texmf-dist/tex/generic/oberdiek/gettitlestring.sty
Package: gettitlestring 2016/05/16 v1.5 Cleanup title references (HO)
)
\c@section@level=\count142
)
LaTeX Info: Redefining \ref on input line 15.
LaTeX Info: Redefining \pageref on input line 15.
LaTeX Info: Redefining \nameref on input line 15.

(./Chap 4.out) (./Chap 4.out)
\@outlinefile=\write6
\openout6 = `"Chap 4.out"'.

 ABD: EveryShipout initializing macros
\c@lstlisting=\count143
LaTeX Font Info:    Try loading font information for U+msa on input line 22.

(c:/texlive/2017/texmf-dist/tex/latex/amsfonts/umsa.fd
File: umsa.fd 2013/01/14 v3.01 AMS symbols A
)
LaTeX Font Info:    Try loading font information for U+msb on input line 22.

(c:/texlive/2017/texmf-dist/tex/latex/amsfonts/umsb.fd
File: umsb.fd 2013/01/14 v3.01 AMS symbols B
) [1

{c:/texlive/2017/texmf-var/fonts/map/pdftex/updmap/pdftex.map}]
Overfull \hbox (6.84319pt too wide) in paragraph at lines 53--54
\OT1/cmr/m/n/10.95 Dans les deux derniers ex-em-ples, la vari-able r^^Seponse $
\OML/cmm/m/it/10.95 Y[]$ \OT1/cmr/m/n/10.95 peut pren-dre n'importe
 []

[2]
Overfull \hbox (7.14659pt too wide) in paragraph at lines 60--61
\OT1/cmr/m/n/10.95 Pour re-lier la vari-able r^^Seponse aux vari-ables ex-plica
-tive, on pose $\OML/cmm/m/it/10.95 ^^Q[] \U/matha/m/n/10.95 ^^P \OML/cmm/m/it/
10.95 g\U/matha/m/n/10.95 p\OML/cmm/m/it/10.95 ^^Y[]\U/matha/m/n/10.95 q\OML/cm
m/m/it/10.95 ; i \U/matha/m/n/10.95 ^^P
 []


Package hyperref Warning: Token not allowed in a PDF string (PDFDocEncoding):
(hyperref)                removing `math shift' on input line 79.


Package hyperref Warning: Token not allowed in a PDF string (PDFDocEncoding):
(hyperref)                removing `\beta' on input line 79.


Package hyperref Warning: Token not allowed in a PDF string (PDFDocEncoding):
(hyperref)                removing `math shift' on input line 79.


Overfull \hbox (16.7294pt too wide) in alignment at lines 81--84
 [][][] []
 []

[3] [4]
Overfull \hbox (13.6647pt too wide) in paragraph at lines 129--129
[]\OT1/cmtt/m/n/10.95 > data(turbines)#### Rendre le jeu de donnees turbines di
sponible[] 
 []

[5]
Overfull \hbox (30.91077pt too wide) in paragraph at lines 136--136
[]\OT1/cmtt/m/n/10.95 > #######################################################
###########[] 
 []


Overfull \hbox (30.91077pt too wide) in paragraph at lines 137--137
[]\OT1/cmtt/m/n/10.95 > ## Ajustement du modele avec trois fonctions de lien di
fferents ##[] 
 []


Overfull \hbox (30.91077pt too wide) in paragraph at lines 138--138
[]\OT1/cmtt/m/n/10.95 > #######################################################
###########[] 
 []


Overfull \hbox (19.41339pt too wide) in paragraph at lines 141--141
[]                      \OT1/cmtt/m/n/10.95 data=turbines,family=binomial(link=
"logit"))[] 
 []


Overfull \hbox (2.16733pt too wide) in paragraph at lines 142--142
[]\OT1/cmtt/m/n/10.95 > modele.probit <- glm(cbind(Fissures,Turbines-Fissures)~
Hours,[] 
 []


Overfull \hbox (30.91077pt too wide) in paragraph at lines 143--143
[]                       \OT1/cmtt/m/n/10.95 data=turbines,family=binomial(link
="probit"))[] 
 []


Overfull \hbox (7.91602pt too wide) in paragraph at lines 144--144
[]\OT1/cmtt/m/n/10.95 > modele.cloglog <- glm(cbind(Fissures,Turbines-Fissures)
~Hours,[] 
 []


Overfull \hbox (42.40814pt too wide) in paragraph at lines 145--145
[]                        \OT1/cmtt/m/n/10.95 data=turbines,family=binomial(lin
k="cloglog"))[] 
 []


Overfull \hbox (99.89502pt too wide) in paragraph at lines 153--153
[]\OT1/cmtt/m/n/10.95 > row.names(resultats) <- c("beta0 (logit)", "beta0 (prob
it)","beta0 (cloglog)",[] 
 []


Overfull \hbox (99.89502pt too wide) in paragraph at lines 154--154
[]                            \OT1/cmtt/m/n/10.95 "beta1 (logit)", "beta1 (prob
it)","beta1 (cloglog)")[] 
 []

[6]
Overfull \hbox (76.90027pt too wide) in paragraph at lines 171--171
[]\OT1/cmtt/m/n/10.95 #########################################################
###################[] 
 []


Overfull \hbox (76.90027pt too wide) in paragraph at lines 172--172
[]\OT1/cmtt/m/n/10.95 ## On trace la courbe de pi predit en fonction du nombre 
d'heures         ##[] 
 []


Overfull \hbox (76.90027pt too wide) in paragraph at lines 173--173
[]\OT1/cmtt/m/n/10.95 ## de fonctionnement avec les intervalles de confiance po
ur le lien logit ##[] 
 []


Overfull \hbox (76.90027pt too wide) in paragraph at lines 174--174
[]\OT1/cmtt/m/n/10.95 #########################################################
###################[] 
 []


Overfull \hbox (19.41339pt too wide) in paragraph at lines 180--180
[]                     \OT1/cmtt/m/n/10.95 newdata=data.frame(Hours=Heures),se.
fit=TRUE)[] 
 []


Overfull \hbox (117.14108pt too wide) in paragraph at lines 189--189
[]\OT1/cmtt/m/n/10.95 plot(Hours,Fissures/Turbines,xlab="Nombre d'heures de fon
ctionnement",pch=19,las=1,[] 
 []


Overfull \hbox (111.3924pt too wide) in paragraph at lines 190--190
[]     \OT1/cmtt/m/n/10.95 xlim=c(0,5000),ylim=c(0,0.7),ylab="Proportion de mac
hines avec des fissures")[] 
 []

<Graphique2.pdf, id=123, 1445.4pt x 723.70375pt>
File: Graphique2.pdf Graphic file (type pdf)
<use Graphique2.pdf>
Package pdftex.def Info: Graphique2.pdf  used on input line 199.
(pdftex.def)             Requested size: 433.62335pt x 217.1128pt.

Overfull \hbox (73.62335pt too wide) in paragraph at lines 199--200
 [] 
 []

[7]
Overfull \hbox (71.15158pt too wide) in paragraph at lines 208--208
[]\OT1/cmtt/m/n/10.95 nouvelles.donnees <- predict(modele.logit,newdata=data.fr
ame(Hours=Heures),[] 
 []


Overfull \hbox (117.14108pt too wide) in paragraph at lines 212--212
[]\OT1/cmtt/m/n/10.95 plot(Hours,Fissures/Turbines,xlab="Nombre d'heures de fon
ctionnement",pch=19,las=1,[] 
 []


Overfull \hbox (111.3924pt too wide) in paragraph at lines 213--213
[]     \OT1/cmtt/m/n/10.95 xlim=c(0,5000),ylim=c(0,0.7),ylab="Proportion de mac
hines avec des fissures")[] 
 []

<Graphique3.pdf, id=129, 1445.4pt x 723.70375pt>
File: Graphique3.pdf Graphic file (type pdf)
<use Graphique3.pdf>
Package pdftex.def Info: Graphique3.pdf  used on input line 222.
(pdftex.def)             Requested size: 433.62335pt x 217.1128pt.

Overfull \hbox (73.62335pt too wide) in paragraph at lines 222--223
 [] 
 []

[8 <./Graphique2.pdf>]
Overfull \hbox (25.16208pt too wide) in paragraph at lines 230--230
[]\OT1/cmtt/m/n/10.95 #########################################################
##########[] 
 []


Overfull \hbox (25.16208pt too wide) in paragraph at lines 231--231
[]\OT1/cmtt/m/n/10.95 ## On trace la courbe de pi predit en fonction du nombre 
d'heure ##[] 
 []


Overfull \hbox (25.16208pt too wide) in paragraph at lines 232--232
[]\OT1/cmtt/m/n/10.95 ## de fonctionnement pour les liens logit, probit et clog
log     ##[] 
 []


Overfull \hbox (25.16208pt too wide) in paragraph at lines 233--233
[]\OT1/cmtt/m/n/10.95 #########################################################
##########[] 
 []


Overfull \hbox (105.6437pt too wide) in paragraph at lines 236--236
[]\OT1/cmtt/m/n/10.95 nouvelles.donnees.logit <- predict(modele.logit,newdata=d
ata.frame(Hours=Heures),[] 
 []


Overfull \hbox (2.16733pt too wide) in paragraph at lines 237--237
[]                                   \OT1/cmtt/m/n/10.95 se.fit=TRUE,type="resp
onse")[] 
 []


Overfull \hbox (117.14108pt too wide) in paragraph at lines 238--238
[]\OT1/cmtt/m/n/10.95 nouvelles.donnees.probit <- predict(modele.probit,newdata
=data.frame(Hours=Heures),[] 
 []


Overfull \hbox (7.91602pt too wide) in paragraph at lines 239--239
[]                                    \OT1/cmtt/m/n/10.95 se.fit=TRUE,type="res
ponse")[] 
 []


Overfull \hbox (128.63846pt too wide) in paragraph at lines 240--240
[]\OT1/cmtt/m/n/10.95 nouvelles.donnees.cloglog <- predict(modele.cloglog,newda
ta=data.frame(Hours=Heures),[] 
 []


Overfull \hbox (13.6647pt too wide) in paragraph at lines 241--241
[]                                     \OT1/cmtt/m/n/10.95 se.fit=TRUE,type="re
sponse")[] 
 []


Overfull \hbox (117.14108pt too wide) in paragraph at lines 242--242
[]\OT1/cmtt/m/n/10.95 plot(Hours,Fissures/Turbines,xlab="Nombre d'heures de fon
ctionnement",pch=19,las=1,[] 
 []


Overfull \hbox (111.3924pt too wide) in paragraph at lines 243--243
[]     \OT1/cmtt/m/n/10.95 xlim=c(0,5000),ylim=c(0,0.7),ylab="Proportion de mac
hines avec des fissures")[] 
 []


Overfull \hbox (30.91077pt too wide) in paragraph at lines 248--248
[]       \OT1/cmtt/m/n/10.95 legend=c("Lien logit","Lien probit", "Lien cloglog
"),bty="n")[] 
 []

[9 <./Graphique3.pdf>]
<Graphique4.pdf, id=146, 1445.4pt x 723.70375pt>
File: Graphique4.pdf Graphic file (type pdf)
<use Graphique4.pdf>
Package pdftex.def Info: Graphique4.pdf  used on input line 254.
(pdftex.def)             Requested size: 433.62335pt x 217.1128pt.

Overfull \hbox (73.62335pt too wide) in paragraph at lines 254--255
 [] 
 []


Overfull \hbox (8.64807pt too wide) in paragraph at lines 263--263
\OT1/cmr/m/n/10.95 Consid^^Serons main-tenant un mod^^Rele, dit satur^^Se, avec
 $\OML/cmm/m/it/10.95 n$ \OT1/cmr/m/n/10.95 param^^Retres $\U/matha/m/n/10.95 t
[]\OML/cmm/m/it/10.95 ; []  ; []\U/matha/m/n/10.95 u$
 []


Overfull \hbox (11.9001pt too wide) in paragraph at lines 263--264
\OT1/cmr/m/n/10.95 et on mon-tre que les es-ti-ma-teurs de max-i-mum de vraisem
-blance de $\U/matha/m/n/10.95 t[]\OML/cmm/m/it/10.95 ; []  ; []\U/matha/m/n/10
.95 u$
 []

[10 <./Graphique4.pdf>]
Overfull \hbox (13.6647pt too wide) in paragraph at lines 285--285
[]\OT1/cmtt/m/n/10.95 > data(turbines)#### Rendre le jeu de donnees turbines di
sponible[] 
 []

[11]
Overfull \hbox (59.6542pt too wide) in paragraph at lines 303--303
[]\OT1/cmtt/m/n/10.95 > modele.complet <- glm(cbind(Fissures,Turbines-Fissures)
~Hours+Hours^2)+[] 
 []


Overfull \hbox (94.14633pt too wide) in paragraph at lines 304--304
[]\OT1/cmtt/m/n/10.95 +                       I(Hours^3),data=turbines,family=b
inomial(link="logit"))[] 
 []


Overfull \hbox (82.64896pt too wide) in paragraph at lines 306--306
[]\OT1/cmtt/m/n/10.95 > modele.reduit <- glm(cbind(Fissures,Turbines-Fissures)~
Hours,data=turbines,[] 
 []


Overfull \hbox (2.16733pt too wide) in paragraph at lines 309--309
[]\OT1/cmtt/m/n/10.95 > stat.test <- deviance(modele.reduit)-deviance(modele.co
mplet)[] 
 []

[12]
Overfull \hbox (2.16733pt too wide) in paragraph at lines 335--335
[]\OT1/cmtt/m/n/10.95 > data(deposit)#### Rendre le jeu de donnees deposit disp
onible[] 
 []


Overfull \hbox (59.6542pt too wide) in paragraph at lines 339--339
[]\OT1/cmtt/m/n/10.95 > modele1 <- glm(cbind(Killed,Number-Killed)~factor(Insec
ticide)*Deposit,[] 
 []


Overfull \hbox (94.14633pt too wide) in paragraph at lines 342--342
[]\OT1/cmtt/m/n/10.95 > modele2 <- glm(cbind(Killed,Number-Killed)~Deposit+I(De
posit^2)+I(Deposit^3),[] 
 []

[13]
Overfull \hbox (76.90027pt too wide) in paragraph at lines 363--363
[]\OT1/cmtt/m/n/10.95 > max.modele <- glm(cbind(Killed,Number-Killed)~factor(In
secticide)*Deposit+[] 
 []


Overfull \hbox (71.15158pt too wide) in paragraph at lines 364--364
[]                    \OT1/cmtt/m/n/10.95 I(Deposit^2)+I(Deposit^3),data=deposi
t,family=binomial)[] 
 []


Overfull \hbox (94.14633pt too wide) in paragraph at lines 365--365
[]\OT1/cmtt/m/n/10.95 > min.modele <- glm(cbind(Killed,Number-Killed)~1,data=de
posit,family=binomial)[] 
 []


Overfull \hbox (13.6647pt too wide) in paragraph at lines 367--367
[]\OT1/cmtt/m/n/10.95 > step(min.modele,scope=list(lower=min.modele, upper=max.
modele),[] 
 []


Overfull \hbox (7.91602pt too wide) in paragraph at lines 398--398
[]\OT1/cmtt/m/n/10.95 cbind(Killed, Number - Killed) ~ Deposit + factor(Insecti
cide) +[] 
 []

[14]
Overfull \hbox (2.16733pt too wide) in paragraph at lines 406--406
[]\OT1/cmtt/m/n/10.95 Call:  glm(formula = cbind(Killed, Number - Killed) ~ Dep
osit +[] 
 []


Overfull \hbox (7.91602pt too wide) in paragraph at lines 411--411
[]         \OT1/cmtt/m/n/10.95 (Intercept)               Deposit  factor(Insect
icide)B[] 
 []


Overfull \hbox (7.91602pt too wide) in paragraph at lines 412--412
[]             \OT1/cmtt/m/n/10.95 -6.3808                2.1511               
 0.3061[] 
 []


Overfull \hbox (13.6647pt too wide) in paragraph at lines 420--420
[]\OT1/cmtt/m/n/10.95 > step(max.modele,scope=list(lower=min.modele, upper=max.
modele),[] 
 []


Overfull \hbox (7.91602pt too wide) in paragraph at lines 423--423
[]\OT1/cmtt/m/n/10.95 cbind(Killed, Number - Killed) ~ factor(Insecticide) * De
posit +[] 
 []


Overfull \hbox (7.91602pt too wide) in paragraph at lines 433--433
[]\OT1/cmtt/m/n/10.95 cbind(Killed, Number - Killed) ~ factor(Insecticide) + De
posit +[] 
 []

[15]
Overfull \hbox (7.91602pt too wide) in paragraph at lines 444--444
[]\OT1/cmtt/m/n/10.95 cbind(Killed, Number - Killed) ~ factor(Insecticide) + De
posit +[] 
 []


Overfull \hbox (71.15158pt too wide) in paragraph at lines 453--453
[]\OT1/cmtt/m/n/10.95 Call:  glm(formula = cbind(Killed, Number - Killed) ~ fac
tor(Insecticide) +[] 
 []


Overfull \hbox (36.65945pt too wide) in paragraph at lines 454--454
[]           \OT1/cmtt/m/n/10.95 Deposit + I(Deposit^2), family = binomial, dat
a = deposit)[] 
 []


Overfull \hbox (7.91602pt too wide) in paragraph at lines 457--457
[]         \OT1/cmtt/m/n/10.95 (Intercept)  factor(Insecticide)B  factor(Insect
icide)C[] 
 []


Overfull \hbox (7.91602pt too wide) in paragraph at lines 458--458
[]             \OT1/cmtt/m/n/10.95 -6.3808                0.3061               
 2.9264[] 
 []


Overfull \hbox (13.6647pt too wide) in paragraph at lines 465--465
[]\OT1/cmtt/m/n/10.95 > step(min.modele,scope=list(lower=min.modele, upper=max.
modele),[] 
 []

[16]
Overfull \hbox (7.91602pt too wide) in paragraph at lines 499--499
[]\OT1/cmtt/m/n/10.95 cbind(Killed, Number - Killed) ~ Deposit + factor(Insecti
cide) +[] 
 []


Overfull \hbox (2.16733pt too wide) in paragraph at lines 510--510
[]\OT1/cmtt/m/n/10.95 Call:  glm(formula = cbind(Killed, Number - Killed) ~ Dep
osit +[] 
 []


Overfull \hbox (105.6437pt too wide) in paragraph at lines 511--511
[]           \OT1/cmtt/m/n/10.95 factor(Insecticide) + I(Deposit^2), family = b
inomial, data = deposit)[] 
 []


Overfull \hbox (7.91602pt too wide) in paragraph at lines 514--514
[]         \OT1/cmtt/m/n/10.95 (Intercept)               Deposit  factor(Insect
icide)B[] 
 []


Overfull \hbox (7.91602pt too wide) in paragraph at lines 515--515
[]             \OT1/cmtt/m/n/10.95 -6.3808                2.1511               
 0.3061[] 
 []

[17] [18]
Missing character: There is no Ã in font cmtt10!
Missing character: There is no © in font cmtt10!
Missing character: There is no Ã in font cmtt10!
Missing character: There is no © in font cmtt10!
Missing character: There is no Ã in font cmtt10!
Missing character: There is no © in font cmtt10!
Missing character: There is no Ã in font cmtt10!
Missing character: There is no © in font cmtt10!

Overfull \hbox (7.91602pt too wide) in paragraph at lines 557--557
[]\OT1/cmtt/m/n/10.95 > ## La librairie statmod permet de calculer les residus 
Pearson[] 
 []


Overfull \hbox (2.16733pt too wide) in paragraph at lines 559--559
[]\OT1/cmtt/m/n/10.95 > data(deposit)#### Rendre le jeu de donnees deposit disp
onible[] 
 []


Overfull \hbox (48.15683pt too wide) in paragraph at lines 564--564
[]\OT1/cmtt/m/n/10.95 > modele <- glm(cbind(Killed,Number-Killed)~factor(Insect
icide)+Deposit[] 
 []

[19]
Overfull \hbox (25.16208pt too wide) in paragraph at lines 586--586
[]\OT1/cmtt/m/n/10.95 > pvaleur.Deviance <- 1 - pchisq(Deviance,df=df) ; pvaleu
r.Deviance[] 
 []


Overfull \hbox (7.91602pt too wide) in paragraph at lines 588--588
[]\OT1/cmtt/m/n/10.95 > pvaleur.Pearson <- 1 - pchisq(Pearson,df=df) ; pvaleur.
Pearson[] 
 []


Overfull \hbox (117.14108pt too wide) in paragraph at lines 599--599
[]\OT1/cmtt/m/n/10.95 plot(residus.deviance,type="p",xlab="Numero d'observation
",ylab="Residus deviance")[] 
 []


Overfull \hbox (105.6437pt too wide) in paragraph at lines 600--600
[]\OT1/cmtt/m/n/10.95 plot(residus.Pearson,type="p",xlab="Numero d'observation"
,ylab="Residus Pearson")[] 
 []

<Graphique5.pdf, id=195, 1445.4pt x 723.70375pt>
File: Graphique5.pdf Graphic file (type pdf)
<use Graphique5.pdf>
Package pdftex.def Info: Graphique5.pdf  used on input line 605.
(pdftex.def)             Requested size: 433.62335pt x 217.1128pt.

Overfull \hbox (73.62335pt too wide) in paragraph at lines 605--606
 [] 
 []

<Graphique6.pdf, id=196, 1445.4pt x 723.70375pt>
File: Graphique6.pdf Graphic file (type pdf)
<use Graphique6.pdf>
Package pdftex.def Info: Graphique6.pdf  used on input line 611.
(pdftex.def)             Requested size: 433.62335pt x 217.1128pt.

Overfull \hbox (73.62335pt too wide) in paragraph at lines 611--612
 [] 
 []

[20 <./Graphique5.pdf>] [21 <./Graphique6.pdf>]
Overfull \hbox (122.88977pt too wide) in paragraph at lines 630--630
[]\OT1/cmtt/m/n/10.95 +      xlab="Estimateurs de pi selon le modele",ylab="Est
imateurs empiriques de pi")[] 
 []

<Graphique7.pdf, id=213, 1445.4pt x 723.70375pt>
File: Graphique7.pdf Graphic file (type pdf)
<use Graphique7.pdf>
Package pdftex.def Info: Graphique7.pdf  used on input line 637.
(pdftex.def)             Requested size: 433.62335pt x 217.1128pt.

Overfull \hbox (73.62335pt too wide) in paragraph at lines 637--638
 [] 
 []

[22 <./Graphique7.pdf>] [23]
Missing character: There is no Ã in font cmtt10!
Missing character: There is no © in font cmtt10!
Missing character: There is no Ã in font cmtt10!
Missing character: There is no © in font cmtt10!
Missing character: There is no Ã in font cmtt10!
Missing character: There is no © in font cmtt10!
Missing character: There is no Ã in font cmtt10!
Missing character: There is no © in font cmtt10!

Overfull \hbox (13.6647pt too wide) in paragraph at lines 687--687
[]\OT1/cmtt/m/n/10.95 +                         status=quilpie$y,method=c("empi
rical"))[] 
 []

<Graphique8.pdf, id=226, 1445.4pt x 723.70375pt>
File: Graphique8.pdf Graphic file (type pdf)
<use Graphique8.pdf>
Package pdftex.def Info: Graphique8.pdf  used on input line 701.
(pdftex.def)             Requested size: 433.62335pt x 217.1128pt.

Overfull \hbox (73.62335pt too wide) in paragraph at lines 701--702
 [] 
 []

[24] [25 <./Graphique8.pdf>]
Package atveryend Info: Empty hook `BeforeClearDocument' on input line 705.
Package atveryend Info: Empty hook `AfterLastShipout' on input line 705.
 (./Chap 4.aux)
Package atveryend Info: Executing hook `AtVeryEndDocument' on input line 705.
Package atveryend Info: Executing hook `AtEndAfterFileList' on input line 705.
Package rerunfilecheck Info: File `"Chap 4".out' has not changed.
(rerunfilecheck)             Checksum: 2BFFA46E754A358BB75D5717D26CB14E;1426.
Package atveryend Info: Empty hook `AtVeryVeryEnd' on input line 705.
 ) 
Here is how much of TeX's memory you used:
 17133 strings out of 492982
 312910 string characters out of 6136240
 381446 words of memory out of 5000000
 20375 multiletter control sequences out of 15000+600000
 16365 words of font info for 58 fonts, out of 8000000 for 9000
 1141 hyphenation exceptions out of 8191
 54i,10n,73p,929b,452s stack positions out of 5000i,500n,10000p,200000b,80000s
<c:/texlive/2017/texmf-dist/fonts/type1/public/amsfonts/cm/cmbx10.pfb><c:/tex
live/2017/texmf-dist/fonts/type1/public/amsfonts/cm/cmbx12.pfb><c:/texlive/2017
/texmf-dist/fonts/type1/public/amsfonts/cm/cmmi10.pfb><c:/texlive/2017/texmf-di
st/fonts/type1/public/amsfonts/cm/cmmi12.pfb><c:/texlive/2017/texmf-dist/fonts/
type1/public/amsfonts/cm/cmmi6.pfb><c:/texlive/2017/texmf-dist/fonts/type1/publ
ic/amsfonts/cm/cmmi8.pfb><c:/texlive/2017/texmf-dist/fonts/type1/public/amsfont
s/cm/cmr10.pfb><c:/texlive/2017/texmf-dist/fonts/type1/public/amsfonts/cm/cmr6.
pfb><c:/texlive/2017/texmf-dist/fonts/type1/public/amsfonts/cm/cmr8.pfb><c:/tex
live/2017/texmf-dist/fonts/type1/public/amsfonts/cm/cmss10.pfb><c:/texlive/2017
/texmf-dist/fonts/type1/public/amsfonts/cm/cmsy10.pfb><c:/texlive/2017/texmf-di
st/fonts/type1/public/amsfonts/cm/cmti10.pfb><c:/texlive/2017/texmf-dist/fonts/
type1/public/amsfonts/cm/cmtt10.pfb><c:/texlive/2017/texmf-dist/fonts/type1/pub
lic/mathabx-type1/matha10.pfb><c:/texlive/2017/texmf-dist/fonts/type1/public/ma
thabx-type1/matha8.pfb><c:/texlive/2017/texmf-dist/fonts/type1/public/mathabx-t
ype1/mathx10.pfb>
Output written on "Chap 4.pdf" (25 pages, 445272 bytes).
PDF statistics:
 304 PDF objects out of 1000 (max. 8388607)
 251 compressed objects within 3 object streams
 45 named destinations out of 1000 (max. 500000)
 200 words of extra memory for PDF output out of 10000 (max. 10000000)

