This is LuaHBTeX, Version 1.12.0 (MiKTeX 2.9.7440 64-bit)  (format=lualatex 2020.6.30)  4 MAY 2021 10:29
 restricted system commands enabled.
**C:/Users/julie/Dropbox/UNIGE/GLAM-2021/Homeworks/HW10/GLAM_Spring2021_HW10_HO
.tex

(C:/Users/julie/Dropbox/UNIGE/GLAM-2021/Homeworks/HW10/GLAM_Spring2021_HW10_HO.
tex
LaTeX2e <2020-02-02> patch level 5
Lua module: luaotfload-main 2020-05-06 3.14 luaotfload entry point
Lua module: luaotfload-init 2020-05-06 3.14 luaotfload submodule / initializatio
n
Lua module: lualibs 2020-05-01 2.71 ConTeXt Lua standard libraries.
Lua module: lualibs-extended 2020-05-01 2.71 ConTeXt Lua libraries -- extended c
ollection.
Lua module: luaotfload-log 2020-05-06 3.14 luaotfload submodule / logging
Lua module: luaotfload-parsers 2020-05-06 3.14 luaotfload submodule / filelist
Lua module: luaotfload-configuration 2020-05-06 3.14 luaotfload submodule / conf
ig file reader
luaotfload | conf : Root cache directory is "C:/Users/julie/AppData/Local/MiKTeX
/2.9/luatex-cache/generic-dev/names".
luaotfload | init : Loading fontloader "fontloader-2020-05-06.lua" from kpse-res
olved path "C:/Users/julie/AppData/Local/Programs/MiKTeX 2.9/tex/luatex/luaotflo
ad/fontloader-2020-05-06.lua".
Lua-only attribute luaotfload@noligature = 1
Lua-only attribute luaotfload@syllabe = 2
luaotfload | init : Context OpenType loader version 0x1.8e353f7ced917p+1
Lua module: luaotfload-fallback 2020-05-06 3.14 luaotfload submodule / fallback
Lua module: luaotfload-multiscript 2020-05-06 3.14 luaotfload submodule / multis
cript
Lua module: luaotfload-script 2020-05-06 3.14 luaotfload submodule / Script help
ers
Inserting `luaotfload.node_processor' at position 1 in `pre_linebreak_filter'.
Inserting `luaotfload.node_processor' at position 1 in `hpack_filter'.
Lua module: luaotfload-loaders 2020-05-06 3.14 luaotfload submodule / callback h
andling
Inserting `luaotfload.define_font' at position 1 in `define_font'.
Lua module: luaotfload-database 2020-05-06 3.14 luaotfload submodule / database
Lua module: luaotfload-unicode 2020-05-06 3.14 luaotfload submodule / Unicode he
lpers
Lua module: luaotfload-colors 2020-05-06 3.14 luaotfload submodule / color
Lua-only attribute luaotfload_color_attribute = 3
Lua module: luaotfload-resolvers 2020-05-06 3.14 luaotfload submodule / resolver
s
luaotfload | conf : Root cache directory is "C:/Users/julie/AppData/Local/MiKTeX
/2.9/luatex-cache/generic-dev/names".
Lua module: luaotfload-features 2020-05-06 3.14 luaotfload submodule / features
Lua module: luaotfload-harf-define 2020-05-06 3.14 luaotfload submodule / databa
se
Inserting `luaotfload.harf.strip_prefix' at position 1 in `find_opentype_file'.
Inserting `luaotfload.harf.strip_prefix' at position 1 in `find_truetype_file'.
Lua module: luaotfload-harf-plug 2020-05-06 3.14 luaotfload submodule / database
Inserting `Harf pre_output_filter callback' at position 1 in `pre_output_filter'
.
Inserting `Harf wrapup_run callback' at position 1 in `wrapup_run'.
Inserting `Harf finish_pdffile callback' at position 1 in `finish_pdffile'.
Inserting `Harf glyph_info callback' at position 1 in `glyph_info'.
Lua module: luaotfload-letterspace 2020-05-06 3.14 luaotfload submodule / color
Lua module: luaotfload-embolden 2020-05-06 3.14 luaotfload submodule / color
Lua module: luaotfload-notdef 2020-05-06 3.14 luaotfload submodule / color
Lua module: luaotfload-suppress 2020-05-06 3.14 luaotfload submodule / suppress
Lua module: luaotfload-szss 2020-05-06 3.14 luaotfload submodule / color
Lua module: luaotfload-auxiliary 2020-05-06 3.14 luaotfload submodule / auxiliar
y functions
Inserting `luaotfload.aux.set_sscale_dimens' at position 1 in `luaotfload.patch_
font'.
Inserting `luaotfload.aux.set_font_index' at position 2 in `luaotfload.patch_fon
t'.
Inserting `luaotfload.aux.patch_cambria_domh' at position 3 in `luaotfload.patch
_font'.
Inserting `luaotfload.aux.fixup_fontdata' at position 1 in `luaotfload.patch_fon
t_unsafe'.
Inserting `luaotfload.aux.set_capheight' at position 4 in `luaotfload.patch_font
'.
Inserting `luaotfload.aux.set_xheight' at position 5 in `luaotfload.patch_font'.
Lua module: luaotfload-tounicode 2020-05-06 3.14 luaotfload submodule / tounicod
e
Inserting `luaotfload.rewrite_fontname' at position 6 in `luaotfload.patch_font'
. L3 programming layer <2020-05-15>
("C:/Users/julie/AppData/Local/Programs/MiKTeX 2.9/tex/latex/base/article.cls"
Document Class: article 2019/12/20 v1.4l Standard LaTeX document class
("C:/Users/julie/AppData/Local/Programs/MiKTeX 2.9/tex/latex/base/size12.clo"
File: size12.clo 2019/12/20 v1.4l Standard LaTeX file (size option)
luaotfload | db : Font names database loaded from C:/Users/julie/AppData/Local/M
iKTeX/2.9/luatex-cache/generic-dev/names/luaotfload-names.luc)
\c@part=\count163
\c@section=\count164
\c@subsection=\count165
\c@subsubsection=\count166
\c@paragraph=\count167
\c@subparagraph=\count168
\c@figure=\count169
\c@table=\count170
\abovecaptionskip=\skip47
\belowcaptionskip=\skip48
\bibindent=\dimen134
)
("C:/Users/julie/AppData/Local/Programs/MiKTeX 2.9/tex/latex/graphics/graphicx.
sty"
Package: graphicx 2019/11/30 v1.2a Enhanced LaTeX Graphics (DPC,SPQR)

("C:/Users/julie/AppData/Local/Programs/MiKTeX 2.9/tex/latex/graphics/keyval.st
y"
Package: keyval 2014/10/28 v1.15 key=value parser (DPC)
\KV@toks@=\toks15
)
("C:/Users/julie/AppData/Local/Programs/MiKTeX 2.9/tex/latex/graphics/graphics.
sty"
Package: graphics 2019/11/30 v1.4a Standard LaTeX Graphics (DPC,SPQR)

("C:/Users/julie/AppData/Local/Programs/MiKTeX 2.9/tex/latex/graphics/trig.sty"
Package: trig 2016/01/03 v1.10 sin cos tan (DPC)
)
("C:/Users/julie/AppData/Local/Programs/MiKTeX 2.9/tex/latex/graphics-cfg/graph
ics.cfg"
File: graphics.cfg 2016/06/04 v1.11 sample graphics configuration
)
Package graphics Info: Driver file: luatex.def on input line 105.

("C:/Users/julie/AppData/Local/Programs/MiKTeX 2.9/tex/latex/graphics-def/luate
x.def"
File: luatex.def 2018/01/08 v1.0l Graphics/color driver for luatex
))
\Gin@req@height=\dimen135
\Gin@req@width=\dimen136
)
("C:/Users/julie/AppData/Local/Programs/MiKTeX 2.9/tex/latex/graphics/color.sty
"
Package: color 2019/11/23 v1.2a Standard LaTeX Color (DPC)

("C:/Users/julie/AppData/Local/Programs/MiKTeX 2.9/tex/latex/graphics-cfg/color
.cfg"
File: color.cfg 2016/01/02 v1.6 sample color configuration
)
Package color Info: Driver file: luatex.def on input line 147.
)
("C:/Users/julie/AppData/Local/Programs/MiKTeX 2.9/tex/latex/framed/framed.sty"
Package: framed 2011/10/22 v 0.96: framed or shaded text with page breaks
\OuterFrameSep=\skip49
\fb@frw=\dimen137
\fb@frh=\dimen138
\FrameRule=\dimen139
\FrameSep=\dimen140
) ("C:/Users/julie/AppData/Local/Programs/MiKTeX 2.9/tex/latex/base/alltt.sty"
Package: alltt 1997/06/16 v2.0g defines alltt environment
) ("C:/Users/julie/AppData/Local/Programs/MiKTeX 2.9/tex/latex/base/inputenc.st
y"
Package: inputenc 2018/08/11 v1.3c Input encoding file
\inpenc@prehook=\toks16
\inpenc@posthook=\toks17


! Package inputenc Error: inputenc is not designed for xetex or luatex.
(inputenc)                only UTF-8 supported.

See the inputenc package documentation for explanation.
Type  H <return>  for immediate help.
 ...                                              
                                                  
l.165 \endinput
             
For xelatex or lualatex save the document in UTF-8 encoding
and do not use inputenc, or use the [utf8] option.

) ("C:/Users/julie/AppData/Local/Programs/MiKTeX 2.9/tex/latex/base/fontenc.sty
"
Package: fontenc 2020/02/11 v2.0o Standard LaTeX package
LaTeX Font Info:    Trying to load font information for T1+lmr on input line 112
.
 ("C:/Users/julie/AppData/Local/Programs/MiKTeX 2.9/tex/latex/lm/t1lmr.fd"
File: t1lmr.fd 2009/10/30 v1.6 Font defs for Latin Modern
))
("C:/Users/julie/AppData/Local/Programs/MiKTeX 2.9/tex/latex/setspace/setspace.
sty"
Package: setspace 2011/12/19 v6.7a set line spacing
)
("C:/Users/julie/AppData/Local/Programs/MiKTeX 2.9/tex/latex/graphics/lscape.st
y"
Package: lscape 2000/10/22 v3.01 Landscape Pages (DPC)
)
("C:/Users/julie/AppData/Local/Programs/MiKTeX 2.9/tex/latex/amsmath/amsmath.st
y"
Package: amsmath 2020/01/20 v2.17e AMS math features
\@mathmargin=\skip50

For additional information on amsmath, use the `?' option.

("C:/Users/julie/AppData/Local/Programs/MiKTeX 2.9/tex/latex/amsmath/amstext.st
y"
Package: amstext 2000/06/29 v2.01 AMS text

("C:/Users/julie/AppData/Local/Programs/MiKTeX 2.9/tex/latex/amsmath/amsgen.sty
"
File: amsgen.sty 1999/11/30 v2.0 generic functions
\@emptytoks=\toks18
\ex@=\dimen141
))
("C:/Users/julie/AppData/Local/Programs/MiKTeX 2.9/tex/latex/amsmath/amsbsy.sty
"
Package: amsbsy 1999/11/29 v1.2d Bold Symbols
\pmbraise@=\dimen142
)
("C:/Users/julie/AppData/Local/Programs/MiKTeX 2.9/tex/latex/amsmath/amsopn.sty
"
Package: amsopn 2016/03/08 v2.02 operator names
)
\inf@bad=\count171
LaTeX Info: Redefining \frac on input line 227.
\uproot@=\count172
\leftroot@=\count173
LaTeX Info: Redefining \overline on input line 389.
\classnum@=\count174
\DOTSCASE@=\count175
LaTeX Info: Redefining \ldots on input line 486.
LaTeX Info: Redefining \dots on input line 489.
LaTeX Info: Redefining \cdots on input line 610.
\Mathstrutbox@=\box45
\strutbox@=\box46
\big@size=\dimen143
LaTeX Font Info:    Redeclaring font encoding OML on input line 733.
LaTeX Font Info:    Redeclaring font encoding OMS on input line 734.
\macc@depth=\count176
\c@MaxMatrixCols=\count177
\dotsspace@=\muskip16
\c@parentequation=\count178
\dspbrk@lvl=\count179
\tag@help=\toks19
\row@=\count180
\column@=\count181
\maxfields@=\count182
\andhelp@=\toks20
\eqnshift@=\dimen144
\alignsep@=\dimen145
\tagshift@=\dimen146
\tagwidth@=\dimen147
\totwidth@=\dimen148
\lineht@=\dimen149
\@envbody=\toks21
\multlinegap=\skip51
\multlinetaggap=\skip52
\mathdisplay@stack=\toks22
LaTeX Info: Redefining \[ on input line 2859.
LaTeX Info: Redefining \] on input line 2860.
)
("C:/Users/julie/AppData/Local/Programs/MiKTeX 2.9/tex/latex/amsfonts/amssymb.s
ty"
Package: amssymb 2013/01/14 v3.01 AMS font symbols

("C:/Users/julie/AppData/Local/Programs/MiKTeX 2.9/tex/latex/amsfonts/amsfonts.
sty"
Package: amsfonts 2013/01/14 v3.01 Basic AMSFonts support
\symAMSa=\mathgroup4
\symAMSb=\mathgroup5
LaTeX Font Info:    Redeclaring math symbol \hbar on input line 98.
LaTeX Font Info:    Overwriting math alphabet `\mathfrak' in version `bold'
(Font)                  U/euf/m/n --> U/euf/b/n on input line 106.
))
("C:/Users/julie/AppData/Local/Programs/MiKTeX 2.9/tex/latex/fancyhdr/fancyhdr.
sty"
Package: fancyhdr 2019/01/31 v3.10 Extensive control of page headers and footers

\f@nch@headwidth=\skip53
\f@nch@O@elh=\skip54
\f@nch@O@erh=\skip55
\f@nch@O@olh=\skip56
\f@nch@O@orh=\skip57
\f@nch@O@elf=\skip58
\f@nch@O@erf=\skip59
\f@nch@O@olf=\skip60
\f@nch@O@orf=\skip61
)
("C:/Users/julie/AppData/Local/Programs/MiKTeX 2.9/tex/latex/fancyvrb/fancyvrb.
sty"
Package: fancyvrb 2020/05/03 v3.6 verbatim text (tvz,hv)
\FV@CodeLineNo=\count183
\FV@InFile=\read2
\FV@TabBox=\box47
\c@FancyVerbLine=\count184
\FV@StepNumber=\count185
\FV@OutFile=\write3
)
("C:/Users/julie/AppData/Local/Programs/MiKTeX 2.9/tex/latex/moreverb/moreverb.
sty"
Package: moreverb 2008/06/03 v2.3a `more' verbatim facilities

("C:/Users/julie/AppData/Local/Programs/MiKTeX 2.9/tex/latex/tools/verbatim.sty
"
Package: verbatim 2019/11/10 v1.5r LaTeX2e package for verbatim enhancements
\every@verbatim=\toks23
\verbatim@line=\toks24
\verbatim@in@stream=\read3
)
\tab@position=\count186
\tab@size=\count187
\listing@line=\count188
)
("C:/Users/julie/AppData/Local/Programs/MiKTeX 2.9/tex/latex/boxedminipage/boxe
dminipage.sty"
Package: boxedminipage 2020/04/19 v1.1 Boxed LaTeX2e minipages
\bmp@box=\box48
\bmp@width=\skip62
\bmp@height=\skip63
)
("C:/Users/julie/AppData/Local/Programs/MiKTeX 2.9/tex/latex/multirow/multirow.
sty"
Package: multirow 2019/05/31 v2.5 Span multiple rows of a table
\multirow@colwidth=\skip64
\multirow@cntb=\count189
\multirow@dima=\skip65
\bigstrutjot=\dimen150
)
("C:/Users/julie/AppData/Local/Programs/MiKTeX 2.9/tex/latex/float/float.sty"
Package: float 2001/11/08 v1.3d Float enhancements (AL)
\c@float@type=\count190
\float@exts=\toks25
\float@box=\box49
\@float@everytoks=\toks26
\@floatcapt=\box50
)
("C:/Users/julie/AppData/Local/Programs/MiKTeX 2.9/tex/latex/hyperref/hyperref.
sty"
Package: hyperref 2020-05-15 v7.00e Hypertext links for LaTeX

("C:/Users/julie/AppData/Local/Programs/MiKTeX 2.9/tex/generic/ltxcmds/ltxcmds.
sty"
Package: ltxcmds 2019/12/15 v1.24 LaTeX kernel commands for general use (HO)
)
("C:/Users/julie/AppData/Local/Programs/MiKTeX 2.9/tex/generic/iftex/iftex.sty"
Package: iftex 2020/03/06 v1.0d TeX engine tests
)
("C:/Users/julie/AppData/Local/Programs/MiKTeX 2.9/tex/latex/pdftexcmds/pdftexc
mds.sty"
Package: pdftexcmds 2019/11/24 v0.31 Utility functions of pdfTeX for LuaTeX (HO)


("C:/Users/julie/AppData/Local/Programs/MiKTeX 2.9/tex/generic/infwarerr/infwar
err.sty"
Package: infwarerr 2019/12/03 v1.5 Providing info/warning/error messages (HO)
)
Package pdftexcmds Info: \pdf@primitive is available.
Package pdftexcmds Info: \pdf@ifprimitive is available.
Package pdftexcmds Info: \pdfdraftmode found.
\pdftexcmds@toks=\toks27
)
("C:/Users/julie/AppData/Local/Programs/MiKTeX 2.9/tex/generic/kvsetkeys/kvsetk
eys.sty"
Package: kvsetkeys 2019/12/15 v1.18 Key value parser (HO)
)
("C:/Users/julie/AppData/Local/Programs/MiKTeX 2.9/tex/generic/kvdefinekeys/kvd
efinekeys.sty"
Package: kvdefinekeys 2019-12-19 v1.6 Define keys (HO)
)
("C:/Users/julie/AppData/Local/Programs/MiKTeX 2.9/tex/generic/pdfescape/pdfesc
ape.sty"
Package: pdfescape 2019/12/09 v1.15 Implements pdfTeX's escape features (HO)
)
("C:/Users/julie/AppData/Local/Programs/MiKTeX 2.9/tex/latex/hycolor/hycolor.st
y"
Package: hycolor 2020-01-27 v1.10 Color options for hyperref/bookmark (HO)
)
("C:/Users/julie/AppData/Local/Programs/MiKTeX 2.9/tex/latex/letltxmacro/letltx
macro.sty"
Package: letltxmacro 2019/12/03 v1.6 Let assignment for LaTeX macros (HO)
)
("C:/Users/julie/AppData/Local/Programs/MiKTeX 2.9/tex/latex/auxhook/auxhook.st
y"
Package: auxhook 2019-12-17 v1.6 Hooks for auxiliary files (HO)
)
("C:/Users/julie/AppData/Local/Programs/MiKTeX 2.9/tex/latex/kvoptions/kvoption
s.sty"
Package: kvoptions 2019/11/29 v3.13 Key value format for package options (HO)
)
\@linkdim=\dimen151
\Hy@linkcounter=\count191
\Hy@pagecounter=\count192

("C:/Users/julie/AppData/Local/Programs/MiKTeX 2.9/tex/latex/hyperref/pd1enc.de
f"
File: pd1enc.def 2020-05-15 v7.00e Hyperref: PDFDocEncoding definition (HO)
)
("C:/Users/julie/AppData/Local/Programs/MiKTeX 2.9/tex/generic/intcalc/intcalc.
sty"
Package: intcalc 2019/12/15 v1.3 Expandable calculations with integers (HO)
)
("C:/Users/julie/AppData/Local/Programs/MiKTeX 2.9/tex/generic/etexcmds/etexcmd
s.sty"
Package: etexcmds 2019/12/15 v1.7 Avoid name clashes with e-TeX commands (HO)
)
\Hy@SavedSpaceFactor=\count193
Package hyperref Info: Hyper figures OFF on input line 4464.
Package hyperref Info: Link nesting OFF on input line 4469.
Package hyperref Info: Hyper index ON on input line 4472.
Package hyperref Info: Plain pages OFF on input line 4479.
Package hyperref Info: Backreferencing OFF on input line 4484.
Package hyperref Info: Implicit mode ON; LaTeX internals redefined.
Package hyperref Info: Bookmarks ON on input line 4717.
\c@Hy@tempcnt=\count194
 ("C:/Users/julie/AppData/Local/Programs/MiKTeX 2.9/tex/latex/url/url.sty"
\Urlmuskip=\muskip17
Package: url 2013/09/16  ver 3.4  Verb mode for urls, etc.
)
LaTeX Info: Redefining \url on input line 5076.
\XeTeXLinkMargin=\dimen152

("C:/Users/julie/AppData/Local/Programs/MiKTeX 2.9/tex/generic/bitset/bitset.st
y"
Package: bitset 2019/12/09 v1.3 Handle bit-vector datatype (HO)

("C:/Users/julie/AppData/Local/Programs/MiKTeX 2.9/tex/generic/bigintcalc/bigin
tcalc.sty"
Package: bigintcalc 2019/12/15 v1.5 Expandable calculations on big integers (HO)

))
\Fld@menulength=\count195
\Field@Width=\dimen153
\Fld@charsize=\dimen154
Package hyperref Info: Hyper figures OFF on input line 6347.
Package hyperref Info: Link nesting OFF on input line 6352.
Package hyperref Info: Hyper index ON on input line 6355.
Package hyperref Info: backreferencing OFF on input line 6362.
Package hyperref Info: Link coloring OFF on input line 6367.
Package hyperref Info: Link coloring with OCG OFF on input line 6372.
Package hyperref Info: PDF/A mode OFF on input line 6377.
LaTeX Info: Redefining \ref on input line 6417.
LaTeX Info: Redefining \pageref on input line 6421.

("C:/Users/julie/AppData/Local/Programs/MiKTeX 2.9/tex/generic/atbegshi/atbegsh
i.sty"
Package: atbegshi 2019/12/05 v1.19 At begin shipout hook (HO)
)
\Hy@abspage=\count196
\c@Item=\count197
\c@Hfootnote=\count198
)
Package hyperref Info: Driver (autodetected): hluatex.

("C:/Users/julie/AppData/Local/Programs/MiKTeX 2.9/tex/latex/hyperref/hluatex.d
ef"
File: hluatex.def 2020-05-15 v7.00e Hyperref driver for luaTeX

("C:/Users/julie/AppData/Local/Programs/MiKTeX 2.9/tex/latex/hyperref/puenc.def
"
File: puenc.def 2020-05-15 v7.00e Hyperref: PDF Unicode definition (HO)
)
("C:/Users/julie/AppData/Local/Programs/MiKTeX 2.9/tex/generic/stringenc/string
enc.sty"
Package: stringenc 2019/11/29 v1.12 Convert strings between diff. encodings (HO)

)
("C:/Users/julie/AppData/Local/Programs/MiKTeX 2.9/tex/latex/atveryend/atveryen
d.sty"
Package: atveryend 2019-12-11 v1.11 Hooks at the very end of document (HO)
Package atveryend Info: \enddocument detected (standard20110627).
)
\Fld@listcount=\count199
\c@bookmark@seq@number=\count266

("C:/Users/julie/AppData/Local/Programs/MiKTeX 2.9/tex/latex/rerunfilecheck/rer
unfilecheck.sty"
Package: rerunfilecheck 2019/12/05 v1.9 Rerun checks for auxiliary files (HO)

("C:/Users/julie/AppData/Local/Programs/MiKTeX 2.9/tex/generic/uniquecounter/un
iquecounter.sty"
Package: uniquecounter 2019/12/15 v1.4 Provide unlimited unique counter (HO)
)
Package uniquecounter Info: New unique counter `rerunfilecheck' on input line 28
6.
)
\Hy@SectionHShift=\skip66
)
("C:/Users/julie/AppData/Local/Programs/MiKTeX 2.9/tex/latex/listings/listings.
sty"
\lst@mode=\count267
\lst@gtempboxa=\box51
\lst@token=\toks28
\lst@length=\count268
\lst@currlwidth=\dimen155
\lst@column=\count269
\lst@pos=\count270
\lst@lostspace=\dimen156
\lst@width=\dimen157
\lst@newlines=\count271
\lst@lineno=\count272
\lst@maxwidth=\dimen158

("C:/Users/julie/AppData/Local/Programs/MiKTeX 2.9/tex/latex/listings/lstmisc.s
ty"
File: lstmisc.sty 2020/03/24 1.8d (Carsten Heinz)
\c@lstnumber=\count273
\lst@skipnumbers=\count274
\lst@framebox=\box52
)
("C:/Users/julie/AppData/Local/Programs/MiKTeX 2.9/tex/latex/listings/listings.
cfg"
File: listings.cfg 2020/03/24 1.8d listings configuration
))
Package: listings 2020/03/24 1.8d (Carsten Heinz)

("C:/Users/julie/AppData/Local/Programs/MiKTeX 2.9/tex/latex/enumitem/enumitem.
sty"
Package: enumitem 2019/06/20 v3.9 Customized lists
\labelindent=\skip67
\enit@outerparindent=\dimen159
\enit@toks=\toks29
\enit@inbox=\box53
\enit@count@id=\count275
\enitdp@description=\count276
)
Package hyperref Info: Option `colorlinks' set `true' on input line 157.

("C:/Users/julie/AppData/Local/Programs/MiKTeX 2.9/tex/latex/listings/lstlang1.
sty"
File: lstlang1.sty 2020/03/24 1.8d listings language file
)
("C:/Users/julie/AppData/Local/Programs/MiKTeX 2.9/tex/latex/listings/lstlang2.
sty"
File: lstlang2.sty 2020/03/24 1.8d listings language file
)
("C:/Users/julie/AppData/Local/Programs/MiKTeX 2.9/tex/latex/listings/lstlang3.
sty"
File: lstlang3.sty 2020/03/24 1.8d listings language file
)
("C:/Users/julie/AppData/Local/Programs/MiKTeX 2.9/tex/latex/upquote/upquote.st
y"
Package: upquote 2012/04/19 v1.3 upright-quote and grave-accent glyphs in verbat
im

("C:/Users/julie/AppData/Local/Programs/MiKTeX 2.9/tex/latex/base/textcomp.sty"
Package: textcomp 2020/02/02 v2.0n Standard LaTeX package
))
("C:/Users/julie/AppData/Local/Programs/MiKTeX 2.9/tex/latex/l3backend/l3backen
d-pdfmode.def"
File: l3backend-pdfmode.def 2020-05-05 L3 backend support: PDF mode
\l__kernel_color_stack_int=\count277
\l__pdf_internal_box=\box54
) (./GLAM_Spring2021_HW10_HO.aux)
\openout1 = GLAM_Spring2021_HW10_HO.aux

LaTeX Font Info:    Checking defaults for OML/cmm/m/it on input line 198.
LaTeX Font Info:    ... okay on input line 198.
LaTeX Font Info:    Checking defaults for OMS/cmsy/m/n on input line 198.
LaTeX Font Info:    ... okay on input line 198.
LaTeX Font Info:    Checking defaults for OT1/cmr/m/n on input line 198.
LaTeX Font Info:    ... okay on input line 198.
LaTeX Font Info:    Checking defaults for T1/cmr/m/n on input line 198.
LaTeX Font Info:    ... okay on input line 198.
LaTeX Font Info:    Checking defaults for TS1/cmr/m/n on input line 198.
LaTeX Font Info:    Trying to load font information for TS1+cmr on input line 19
8.

("C:/Users/julie/AppData/Local/Programs/MiKTeX 2.9/tex/latex/base/ts1cmr.fd"
File: ts1cmr.fd 2019/12/16 v2.5j Standard LaTeX font definitions
)
LaTeX Font Info:    ... okay on input line 198.
LaTeX Font Info:    Checking defaults for TU/lmr/m/n on input line 198.
LaTeX Font Info:    ... okay on input line 198.
LaTeX Font Info:    Checking defaults for OMX/cmex/m/n on input line 198.
LaTeX Font Info:    ... okay on input line 198.
LaTeX Font Info:    Checking defaults for U/cmr/m/n on input line 198.
LaTeX Font Info:    ... okay on input line 198.
LaTeX Font Info:    Checking defaults for PD1/pdf/m/n on input line 198.
LaTeX Font Info:    ... okay on input line 198.
LaTeX Font Info:    Checking defaults for PU/pdf/m/n on input line 198.
LaTeX Font Info:    ... okay on input line 198.

("C:/Users/julie/AppData/Local/Programs/MiKTeX 2.9/tex/context/base/mkii/supp-p
df.mkii"
[Loading MPS to PDF converter (version 2006.09.02).]
\scratchcounter=\count278
\scratchdimen=\dimen160
\scratchbox=\box55
\nofMPsegments=\count279
\nofMParguments=\count280
\everyMPshowfont=\toks30
\MPscratchCnt=\count281
\MPscratchDim=\dimen161
\MPnumerator=\count282
\makeMPintoPDFobject=\count283
\everyMPtoPDFconversion=\toks31
)
("C:/Users/julie/AppData/Local/Programs/MiKTeX 2.9/tex/latex/epstopdf-pkg/epsto
pdf-base.sty"
Package: epstopdf-base 2020-01-24 v2.11 Base part for package epstopdf
Package epstopdf-base Info: Redefining graphics rule for `.eps' on input line 48
5.
)
\AtBeginShipoutBox=\box56
Package hyperref Info: Link coloring ON on input line 198.

("C:/Users/julie/AppData/Local/Programs/MiKTeX 2.9/tex/latex/hyperref/nameref.s
ty"
Package: nameref 2019/09/16 v2.46 Cross-referencing by name of section

("C:/Users/julie/AppData/Local/Programs/MiKTeX 2.9/tex/latex/refcount/refcount.
sty"
Package: refcount 2019/12/15 v3.6 Data extraction from label references (HO)
)
("C:/Users/julie/AppData/Local/Programs/MiKTeX 2.9/tex/generic/gettitlestring/g
ettitlestring.sty"
Package: gettitlestring 2019/12/15 v1.6 Cleanup title references (HO)
)
\c@section@level=\count284
)
LaTeX Info: Redefining \ref on input line 198.
LaTeX Info: Redefining \pageref on input line 198.
LaTeX Info: Redefining \nameref on input line 198.
 (./GLAM_Spring2021_HW10_HO.out)
(./GLAM_Spring2021_HW10_HO.out)
\@outlinefile=\write4

\openout4 = GLAM_Spring2021_HW10_HO.out
\c@lstlisting=\count285
LaTeX Font Info:    Trying to load font information for U+msa on input line 230.


("C:/Users/julie/AppData/Local/Programs/MiKTeX 2.9/tex/latex/amsfonts/umsa.fd"
File: umsa.fd 2013/01/14 v3.01 AMS symbols A
)
LaTeX Font Info:    Trying to load font information for U+msb on input line 230.

("C:/Users/julie/AppData/Local/Programs/MiKTeX 2.9/tex/latex/amsfonts/umsb.fd"
File: umsb.fd 2013/01/14 v3.01 AMS symbols B
)

Package hyperref Warning: Token not allowed in a PDF string (Unicode):
(hyperref)                removing `math shift' on input line 230.


Package hyperref Warning: Token not allowed in a PDF string (Unicode):
(hyperref)                removing `\@@underline' on input line 230.


Package hyperref Warning: Token not allowed in a PDF string (Unicode):
(hyperref)                removing `\hbox' on input line 230.


Package hyperref Warning: Token not allowed in a PDF string (Unicode):
(hyperref)                removing `\mathsurround' on input line 230.


Package hyperref Warning: Token not allowed in a PDF string (Unicode):
(hyperref)                removing `\z@' on input line 230.


Package hyperref Warning: Token not allowed in a PDF string (Unicode):
(hyperref)                removing `math shift' on input line 230.


Overfull \hbox (9.25652pt too wide) detected at line 260
[] [] \OT1/cmr/m/n/12 = 0 \OMS/cmsy/m/n/12 , ^^@\OT1/cmr/m/n/12 2\OT1/cmr/bx/n/
12 X[]y \OT1/cmr/m/n/12 + 2 [] [] = 0 \OMS/cmsy/m/n/12 , [] \OT1/cmr/m/n/12 = [
][] \OT1/cmr/bx/n/12 X[]y
 []

[1{C:/Users/julie/AppData/Local/MiKTeX/2.9/pdftex/config/pdftex.map}

]
Package atveryend Info: Empty hook `BeforeClearDocument' on input line 294.
 [2]
Package atveryend Info: Empty hook `AfterLastShipout' on input line 294.

(./GLAM_Spring2021_HW10_HO.aux)
Package atveryend Info: Executing hook `AtVeryEndDocument' on input line 294.
Package atveryend Info: Executing hook `AtEndAfterFileList' on input line 294.
Package rerunfilecheck Info: File `GLAM_Spring2021_HW10_HO.out' has not changed.

(rerunfilecheck)             Checksum: D718AEF332976C19143018CD03A97EEE;97.
Package atveryend Info: Empty hook `AtVeryVeryEnd' on input line 294.
)

Here is how much of LuaTeX's memory you used:
 12845 strings out of 480883
 100000,662416 words of node,token memory allocated
 528 words of node memory still in use:
   7 hlist, 2 vlist, 2 rule, 2 glue, 4 kern, 1 glyph, 11 attribute, 55 glue_spec
, 11 attribute_list, 1 write nodes
   avail lists: 2:981,3:117,4:20,5:246,6:22,7:1879,8:65,9:453,10:4,11:96
 29993 multiletter control sequences out of 65536+200000
 71 fonts using 6257555 bytes
 34i,18n,46p,664b,464s stack positions out of 5000i,500n,10000p,200000b,50000s
{C:/Users/julie/AppData/Local/Programs/MiKTeX 2.9/fonts/enc/dvips/lm/lm-ec.enc}<
C:/Users/julie/AppData/Local/Programs/MiKTeX 2.9/fonts/type1/public/amsfonts/cm/
cmbx12.pfb><C:/Users/julie/AppData/Local/Programs/MiKTeX 2.9/fonts/type1/public/
amsfonts/cm/cmbx8.pfb><C:/Users/julie/AppData/Local/Programs/MiKTeX 2.9/fonts/ty
pe1/public/amsfonts/cm/cmex10.pfb><C:/Users/julie/AppData/Local/Programs/MiKTeX 
2.9/fonts/type1/public/amsfonts/cm/cmmi12.pfb><C:/Users/julie/AppData/Local/Prog
rams/MiKTeX 2.9/fonts/type1/public/amsfonts/cm/cmmi6.pfb><C:/Users/julie/AppData
/Local/Programs/MiKTeX 2.9/fonts/type1/public/amsfonts/cm/cmmi8.pfb><C:/Users/ju
lie/AppData/Local/Programs/MiKTeX 2.9/fonts/type1/public/amsfonts/cm/cmmib10.pfb
><C:/Users/julie/AppData/Local/Programs/MiKTeX 2.9/fonts/type1/public/amsfonts/c
m/cmr12.pfb><C:/Users/julie/AppData/Local/Programs/MiKTeX 2.9/fonts/type1/public
/amsfonts/cm/cmr8.pfb><C:/Users/julie/AppData/Local/Programs/MiKTeX 2.9/fonts/ty
pe1/public/amsfonts/cm/cmsy10.pfb><C:/Users/julie/AppData/Local/Programs/MiKTeX 
2.9/fonts/type1/public/amsfonts/cm/cmsy6.pfb><C:/Users/julie/AppData/Local/Progr
ams/MiKTeX 2.9/fonts/type1/public/amsfonts/cm/cmsy8.pfb><C:/Users/julie/AppData/
Local/Programs/MiKTeX 2.9/fonts/type1/public/lm/lmbx12.pfb><C:/Users/julie/AppDa
ta/Local/Programs/MiKTeX 2.9/fonts/type1/public/lm/lmr12.pfb><C:/Users/julie/App
Data/Local/Programs/MiKTeX 2.9/fonts/type1/public/lm/lmr17.pfb><C:/Users/julie/A
ppData/Local/Programs/MiKTeX 2.9/fonts/type1/public/lm/lmri12.pfb>
Output written on GLAM_Spring2021_HW10_HO.pdf (2 pages, 209943 bytes).

PDF statistics: 89 PDF objects out of 1000 (max. 8388607)
 8 named destinations out of 1000 (max. 131072)
 9 words of extra memory for PDF output out of 10000 (max. 100000000)

