This is pdfTeX, Version 3.141592653-2.6-1.40.27 (TeX Live 2025) (preloaded format=pdflatex 2025.3.8)  17 FEB 2026 14:40
entering extended mode
 restricted \write18 enabled.
 file:line:error style messages enabled.
 %&-line parsing enabled.
**/Users/jmiron/Library/CloudStorage/OneDrive-UniversitéLaval/Github/Global/STT-1000/Examens/Intra/H26.tex
(/Users/jmiron/Library/CloudStorage/OneDrive-UniversitéLaval/Github/Global/STT-1000/Examens/Intra/H26.tex
LaTeX2e <2024-11-01> patch level 2
L3 programming layer <2025-01-18>

! LaTeX Error: File `Evaluation.cls' not found.

Type X to quit or <RETURN> to proceed,
or enter new name. (Default extension: cls)

Enter file name: 
/Users/jmiron/Library/CloudStorage/OneDrive-UniversitéLaval/Github/Global/STT-1000/Examens/Intra/H26.tex:51: Emergency stop.
<read *> 
         
l.51 \usepackage
                {multicol,graphicx}^^M
*** (cannot \read from terminal in nonstop modes)

 
Here is how much of TeX's memory you used:
 41 strings out of 473190
 1015 string characters out of 5715801
 391984 words of memory out of 5000000
 23393 multiletter control sequences out of 15000+600000
 558837 words of font info for 36 fonts, out of 8000000 for 9000
 1141 hyphenation exceptions out of 8191
 19i,0n,29p,284b,17s stack positions out of 10000i,1000n,20000p,200000b,200000s
/Users/jmiron/Library/CloudStorage/OneDrive-UniversitéLaval/Github/Global/STT-1000/Examens/Intra/H26.tex:51:  ==> Fatal error occurred, no output PDF file produced!
